[DT] 12 datasets, depths 1..40, n_jobs=12, resume=False
[DT] msr.write_p100.src1_0.3047__rw_ratio_40_60.rerate_8.00.resize_2.00-rw_ratio_40_60.rerate_8.00.resize_2.00__dev_0: loaded 123026 rows in 0.1s
[DT] msr.write_p100.src1_0.3047__rw_ratio_40_60.rerate_8.00.resize_2.00-rw_ratio_40_60.rerate_8.00.resize_2.00__dev_0: depth= 1 train=0.7358 val=0.7356 leaves=2 (0.1s)
[DT] msr.write_p100.src1_0.3047__rw_ratio_40_60.rerate_8.00.resize_2.00-rw_ratio_40_60.rerate_8.00.resize_2.00__dev_0: depth= 2 train=0.8131 val=0.8135 leaves=4 (0.1s)
[DT] msr.write_p100.src1_0.3047__rw_ratio_40_60.rerate_8.00.resize_2.00-rw_ratio_40_60.rerate_8.00.resize_2.00__dev_0: depth= 3 train=0.8386 val=0.8392 leaves=8 (0.1s)
[DT] msr.write_p100.src1_0.3047__rw_ratio_40_60.rerate_8.00.resize_2.00-rw_ratio_40_60.rerate_8.00.resize_2.00__dev_0: depth= 4 train=0.8621 val=0.8613 leaves=16 (0.1s)
[DT] msr.write_p100.src1_0.3047__rw_ratio_40_60.rerate_8.00.resize_2.00-rw_ratio_40_60.rerate_8.00.resize_2.00__dev_0: depth= 5 train=0.8652 val=0.8644 leaves=32 (0.2s)
[DT] tencent.write_p100.2018-10-09-04.12__rerate_0.50-rerate_0.50__dev_0: loaded 682499 rows in 0.8s
[DT] alibaba.offset_p100.alibaba_9086.3__rerate_0.50-rerate_4.00__dev_0: loaded 740987 rows in 0.8s
[DT] alibaba.offset_p100.alibaba_9086.3__rerate_0.50-rerate_2.00.resize_2.00__dev_0: loaded 740373 rows in 0.8s
[DT] msr.write_p100.src1_0.3047__rw_ratio_40_60.rerate_8.00.resize_2.00-rw_ratio_40_60.rerate_8.00.resize_2.00__dev_1: loaded 841956 rows in 1.0s
[DT] msr.overall_p100.src1_0.2108__orig-rw_ratio_40_60.rerate_8.00.resize_2.00__dev_0: loaded 883382 rows in 1.0s
[DT] msr.write_p100.src1_0.3047__rw_ratio_40_60.rerate_8.00.resize_2.00-rw_ratio_40_60.rerate_8.00.resize_2.00__dev_0: depth= 6 train=0.8690 val=0.8684 leaves=62 (0.2s)
[DT] alibaba.iops_p100.alibaba_9086.35__orig-rerate_4.00.resize_4.00__dev_0: loaded 884335 rows in 1.0s
[DT] tencent.write_p100.2018-10-09-04.12__rerate_0.50-rerate_0.50__dev_0: depth= 1 train=0.8037 val=0.8048 leaves=2 (0.3s)
[DT] alibaba.offset_p100.alibaba_9086.3__rerate_0.50-rerate_4.00__dev_0: depth= 1 train=0.8066 val=0.8071 leaves=2 (0.4s)
[DT] msr.write_p100.src1_0.3047__rw_ratio_40_60.rerate_8.00.resize_2.00-rw_ratio_40_60.rerate_8.00.resize_2.00__dev_0: depth= 7 train=0.8763 val=0.8735 leaves=113 (0.2s)
[DT] alibaba.offset_p100.alibaba_9086.3__rerate_0.50-rerate_2.00.resize_2.00__dev_0: depth= 1 train=0.8200 val=0.8207 leaves=2 (0.4s)
[DT] msr.overall_p100.src1_0.2108__orig-rw_ratio_40_60.rerate_8.00.resize_2.00__dev_1: loaded 1072270 rows in 1.3s
[DT] msr.overall_p100.src1_0.2108__orig-rw_ratio_40_60.rerate_8.00.resize_2.00__dev_0: depth= 1 train=0.7717 val=0.7718 leaves=2 (0.4s)
[DT] msr.write_p100.src1_0.3047__rw_ratio_40_60.rerate_8.00.resize_2.00-rw_ratio_40_60.rerate_8.00.resize_2.00__dev_1: depth= 1 train=0.8139 val=0.8123 leaves=2 (0.5s)
[DT] alibaba.iops_p100.alibaba_9086.35__orig-rerate_4.00.resize_4.00__dev_0: depth= 1 train=0.7884 val=0.7877 leaves=2 (0.4s)
[DT] msr.write_p100.src1_0.3047__rw_ratio_40_60.rerate_8.00.resize_2.00-rw_ratio_40_60.rerate_8.00.resize_2.00__dev_0: depth= 8 train=0.8823 val=0.8794 leaves=198 (0.3s)
[DT] tencent.write_p100.2018-10-09-04.12__rerate_0.50-rerate_0.50__dev_0: depth= 2 train=0.8037 val=0.8048 leaves=4 (0.5s)
[DT] alibaba.offset_p100.alibaba_9086.3__rerate_0.50-rerate_4.00__dev_0: depth= 2 train=0.8190 val=0.8191 leaves=4 (0.5s)
[DT] msr.write_p100.src1_0.3047__rw_ratio_40_60.rerate_8.00.resize_2.00-rw_ratio_40_60.rerate_8.00.resize_2.00__dev_0: depth= 9 train=0.8903 val=0.8816 leaves=334 (0.3s)
[DT] alibaba.offset_p100.alibaba_9086.3__rerate_0.50-rerate_2.00.resize_2.00__dev_0: depth= 2 train=0.8326 val=0.8330 leaves=4 (0.6s)
[DT] msr.overall_p100.src1_0.2108__orig-rw_ratio_40_60.rerate_8.00.resize_2.00__dev_1: depth= 1 train=0.8073 val=0.8076 leaves=2 (0.6s)
[DT] msr.overall_p100.src1_0.2108__orig-rw_ratio_40_60.rerate_8.00.resize_2.00__dev_0: depth= 2 train=0.7717 val=0.7718 leaves=4 (0.6s)
[DT] msr.write_p100.src1_0.3047__rw_ratio_40_60.rerate_8.00.resize_2.00-rw_ratio_40_60.rerate_8.00.resize_2.00__dev_0: depth=10 train=0.8964 val=0.8823 leaves=533 (0.3s)
[DT] msr.write_p100.src1_0.3047__rw_ratio_40_60.rerate_8.00.resize_2.00-rw_ratio_40_60.rerate_8.00.resize_2.00__dev_1: depth= 2 train=0.8433 val=0.8438 leaves=4 (0.7s)
[DT] alibaba.iops_p100.alibaba_9086.35__orig-rerate_4.00.resize_4.00__dev_0: depth= 2 train=0.7998 val=0.7995 leaves=4 (0.7s)
[DT] tencent.write_p100.2018-10-09-04.12__rerate_0.50-rerate_0.50__dev_0: depth= 3 train=0.8048 val=0.8058 leaves=8 (0.7s)
[DT] msr.write_p100.src1_0.3047__rw_ratio_40_60.rerate_8.00.resize_2.00-rw_ratio_40_60.rerate_8.00.resize_2.00__dev_0: depth=11 train=0.9034 val=0.8829 leaves=790 (0.3s)
[DT] alibaba.offset_p100.alibaba_9086.3__rerate_0.50-rerate_4.00__dev_0: depth= 3 train=0.8216 val=0.8218 leaves=8 (0.7s)
[DT] alibaba.offset_p100.alibaba_9086.3__rerate_0.50-rerate_2.00.resize_2.00__dev_0: depth= 3 train=0.8441 val=0.8442 leaves=8 (0.8s)
[DT] msr.write_p100.src1_0.3047__rw_ratio_40_60.rerate_8.00.resize_2.00-rw_ratio_40_60.rerate_8.00.resize_2.00__dev_0: depth=12 train=0.9107 val=0.8805 leaves=1103 (0.3s)
[DT] msr.overall_p100.src1_0.2108__orig-rw_ratio_40_60.rerate_8.00.resize_2.00__dev_1: depth= 2 train=0.8264 val=0.8265 leaves=4 (0.9s)
[DT] msr.overall_p100.src1_0.2108__orig-rw_ratio_40_60.rerate_8.00.resize_2.00__dev_0: depth= 3 train=0.7718 val=0.7718 leaves=8 (0.9s)
[DT] alibaba.iops_p100.alibaba_9086.35__orig-rerate_4.00.resize_4.00__dev_1: loaded 2357097 rows in 2.9s
[DT] msr.write_p100.src1_0.3047__rw_ratio_40_60.rerate_8.00.resize_2.00-rw_ratio_40_60.rerate_8.00.resize_2.00__dev_0: depth=13 train=0.9184 val=0.8790 leaves=1452 (0.3s)
[DT] msr.write_p100.src1_0.3047__rw_ratio_40_60.rerate_8.00.resize_2.00-rw_ratio_40_60.rerate_8.00.resize_2.00__dev_1: depth= 3 train=0.8554 val=0.8558 leaves=8 (1.0s)
[DT] tencent.write_p100.2018-10-09-04.12__rerate_0.50-rerate_0.50__dev_0: depth= 4 train=0.8175 val=0.8180 leaves=16 (0.8s)
[DT] alibaba.iops_p100.alibaba_9086.35__orig-rerate_4.00.resize_4.00__dev_0: depth= 3 train=0.8033 val=0.8029 leaves=8 (1.0s)
[DT] msr.write_p100.src1_0.3047__rw_ratio_40_60.rerate_8.00.resize_2.00-rw_ratio_40_60.rerate_8.00.resize_2.00__dev_0: depth=14 train=0.9258 val=0.8766 leaves=1825 (0.4s)
[DT] alibaba.offset_p100.alibaba_9086.3__rerate_0.50-rerate_4.00__dev_0: depth= 4 train=0.8318 val=0.8319 leaves=16 (1.0s)
[DT] alibaba.offset_p100.alibaba_9086.3__rerate_0.50-rerate_2.00.resize_2.00__dev_0: depth= 4 train=0.8479 val=0.8480 leaves=16 (1.0s)
[DT] tencent.write_p100.2018-10-09-04.12__rerate_0.50-rerate_0.50__dev_1: loaded 2961421 rows in 3.7s
[DT] msr.write_p100.src1_0.3047__rw_ratio_40_60.rerate_8.00.resize_2.00-rw_ratio_40_60.rerate_8.00.resize_2.00__dev_0: depth=15 train=0.9327 val=0.8753 leaves=2210 (0.4s)
[DT] msr.overall_p100.src1_0.2108__orig-rw_ratio_40_60.rerate_8.00.resize_2.00__dev_1: depth= 3 train=0.8417 val=0.8415 leaves=8 (1.3s)
[DT] msr.overall_p100.src1_0.2108__orig-rw_ratio_40_60.rerate_8.00.resize_2.00__dev_0: depth= 4 train=0.7905 val=0.7902 leaves=16 (1.1s)
[DT] tencent.write_p100.2018-10-09-04.12__rerate_0.50-rerate_0.50__dev_0: depth= 5 train=0.8279 val=0.8280 leaves=31 (1.0s)
[DT] msr.write_p100.src1_0.3047__rw_ratio_40_60.rerate_8.00.resize_2.00-rw_ratio_40_60.rerate_8.00.resize_2.00__dev_0: depth=16 train=0.9399 val=0.8726 leaves=2617 (0.4s)
[DT] msr.write_p100.src1_0.3047__rw_ratio_40_60.rerate_8.00.resize_2.00-rw_ratio_40_60.rerate_8.00.resize_2.00__dev_1: depth= 4 train=0.8796 val=0.8806 leaves=16 (1.2s)
[DT] alibaba.iops_p100.alibaba_9086.35__orig-rerate_4.00.resize_4.00__dev_0: depth= 4 train=0.8119 val=0.8117 leaves=16 (1.2s)
[DT] alibaba.iops_p100.alibaba_9086.35__orig-rerate_4.00.resize_4.00__dev_1: depth= 1 train=0.7633 val=0.7639 leaves=2 (1.4s)
[DT] msr.write_p100.src1_0.3047__rw_ratio_40_60.rerate_8.00.resize_2.00-rw_ratio_40_60.rerate_8.00.resize_2.00__dev_0: depth=17 train=0.9454 val=0.8701 leaves=3004 (0.4s)
[DT] alibaba.offset_p100.alibaba_9086.3__rerate_0.50-rerate_4.00__dev_0: depth= 5 train=0.8341 val=0.8343 leaves=32 (1.1s)
[DT] alibaba.offset_p100.alibaba_9086.3__rerate_0.50-rerate_2.00.resize_2.00__dev_0: depth= 5 train=0.8563 val=0.8561 leaves=32 (1.2s)
[DT] msr.write_p100.src1_0.3047__rw_ratio_40_60.rerate_8.00.resize_2.00-rw_ratio_40_60.rerate_8.00.resize_2.00__dev_0: depth=18 train=0.9516 val=0.8678 leaves=3356 (0.4s)
[DT] alibaba.offset_p100.alibaba_9086.3__rerate_0.50-rerate_2.00.resize_2.00__dev_1: loaded 3993653 rows in 4.9s
[DT] tencent.write_p100.2018-10-09-04.12__rerate_0.50-rerate_0.50__dev_0: depth= 6 train=0.8374 val=0.8379 leaves=57 (1.2s)
[DT] msr.write_p100.src1_0.3047__rw_ratio_40_60.rerate_8.00.resize_2.00-rw_ratio_40_60.rerate_8.00.resize_2.00__dev_0: depth=19 train=0.9579 val=0.8659 leaves=3730 (0.4s)
[DT] msr.overall_p100.src1_0.2108__orig-rw_ratio_40_60.rerate_8.00.resize_2.00__dev_0: depth= 5 train=0.8013 val=0.8009 leaves=31 (1.4s)
[DT] tencent.write_p100.2018-10-09-04.12__rerate_0.50-rerate_0.50__dev_1: depth= 1 train=0.7154 val=0.7148 leaves=2 (1.8s)
[DT] msr.overall_p100.src1_0.2108__orig-rw_ratio_40_60.rerate_8.00.resize_2.00__dev_1: depth= 4 train=0.8656 val=0.8658 leaves=16 (1.6s)
[DT] msr.write_p100.src1_0.3047__rw_ratio_40_60.rerate_8.00.resize_2.00-rw_ratio_40_60.rerate_8.00.resize_2.00__dev_0: depth=20 train=0.9629 val=0.8632 leaves=4072 (0.4s)
[DT] msr.write_p100.src1_0.3047__rw_ratio_40_60.rerate_8.00.resize_2.00-rw_ratio_40_60.rerate_8.00.resize_2.00__dev_1: depth= 5 train=0.8851 val=0.8856 leaves=28 (1.5s)
[DT] alibaba.iops_p100.alibaba_9086.35__orig-rerate_4.00.resize_4.00__dev_0: depth= 5 train=0.8152 val=0.8148 leaves=32 (1.5s)
[DT] alibaba.offset_p100.alibaba_9086.3__rerate_0.50-rerate_4.00__dev_0: depth= 6 train=0.8434 val=0.8427 leaves=63 (1.3s)
[DT] msr.write_p100.src1_0.3047__rw_ratio_40_60.rerate_8.00.resize_2.00-rw_ratio_40_60.rerate_8.00.resize_2.00__dev_0: depth=21 train=0.9683 val=0.8619 leaves=4393 (0.4s)
[DT] alibaba.offset_p100.alibaba_9086.3__rerate_0.50-rerate_2.00.resize_2.00__dev_0: depth= 6 train=0.8596 val=0.8593 leaves=61 (1.4s)
[DT] msr.write_p100.src1_0.3047__rw_ratio_40_60.rerate_8.00.resize_2.00-rw_ratio_40_60.rerate_8.00.resize_2.00__dev_0: depth=22 train=0.9719 val=0.8602 leaves=4662 (0.4s)
[DT] tencent.write_p100.2018-10-09-04.12__rerate_0.50-rerate_0.50__dev_0: depth= 7 train=0.8389 val=0.8389 leaves=96 (1.3s)
[DT] alibaba.iops_p100.alibaba_9086.35__orig-rerate_4.00.resize_4.00__dev_1: depth= 2 train=0.7888 val=0.7884 leaves=4 (2.3s)
[DT] msr.overall_p100.src1_0.2108__orig-rw_ratio_40_60.rerate_8.00.resize_2.00__dev_0: depth= 6 train=0.8066 val=0.8061 leaves=57 (1.6s)
[DT] msr.write_p100.src1_0.3047__rw_ratio_40_60.rerate_8.00.resize_2.00-rw_ratio_40_60.rerate_8.00.resize_2.00__dev_0: depth=23 train=0.9752 val=0.8592 leaves=4868 (0.4s)
[DT] alibaba.offset_p100.alibaba_9086.3__rerate_0.50-rerate_2.00.resize_2.00__dev_1: depth= 1 train=0.7736 val=0.7730 leaves=2 (2.3s)
[DT] alibaba.offset_p100.alibaba_9086.3__rerate_0.50-rerate_4.00__dev_0: depth= 7 train=0.8457 val=0.8449 leaves=116 (1.5s)
[DT] msr.overall_p100.src1_0.2108__orig-rw_ratio_40_60.rerate_8.00.resize_2.00__dev_1: depth= 5 train=0.8727 val=0.8723 leaves=30 (1.9s)
[DT] msr.write_p100.src1_0.3047__rw_ratio_40_60.rerate_8.00.resize_2.00-rw_ratio_40_60.rerate_8.00.resize_2.00__dev_0: depth=24 train=0.9778 val=0.8594 leaves=5080 (0.4s)
[DT] msr.write_p100.src1_0.3047__rw_ratio_40_60.rerate_8.00.resize_2.00-rw_ratio_40_60.rerate_8.00.resize_2.00__dev_1: depth= 6 train=0.8952 val=0.8957 leaves=49 (1.7s)
[DT] alibaba.iops_p100.alibaba_9086.35__orig-rerate_4.00.resize_4.00__dev_0: depth= 6 train=0.8279 val=0.8277 leaves=62 (1.8s)
[DT] alibaba.offset_p100.alibaba_9086.3__rerate_0.50-rerate_2.00.resize_2.00__dev_0: depth= 7 train=0.8599 val=0.8594 leaves=111 (1.6s)
[DT] msr.write_p100.src1_0.3047__rw_ratio_40_60.rerate_8.00.resize_2.00-rw_ratio_40_60.rerate_8.00.resize_2.00__dev_0: depth=25 train=0.9800 val=0.8578 leaves=5246 (0.4s)
[DT] tencent.write_p100.2018-10-09-04.12__rerate_0.50-rerate_0.50__dev_0: depth= 8 train=0.8405 val=0.8402 leaves=161 (1.5s)
[DT] msr.write_p100.src1_0.3047__rw_ratio_40_60.rerate_8.00.resize_2.00-rw_ratio_40_60.rerate_8.00.resize_2.00__dev_0: depth=26 train=0.9824 val=0.8559 leaves=5409 (0.4s)
[DT] tencent.write_p100.2018-10-09-04.12__rerate_0.50-rerate_0.50__dev_1: depth= 2 train=0.7154 val=0.7148 leaves=4 (2.9s)
[DT] msr.write_p100.src1_0.3047__rw_ratio_40_60.rerate_8.00.resize_2.00-rw_ratio_40_60.rerate_8.00.resize_2.00__dev_0: depth=27 train=0.9844 val=0.8553 leaves=5574 (0.4s)
[DT] msr.overall_p100.src1_0.2108__orig-rw_ratio_40_60.rerate_8.00.resize_2.00__dev_0: depth= 7 train=0.8114 val=0.8108 leaves=100 (1.8s)
[DT] alibaba.offset_p100.alibaba_9086.3__rerate_0.50-rerate_4.00__dev_0: depth= 8 train=0.8466 val=0.8454 leaves=196 (1.7s)
[DT] msr.write_p100.src1_0.3047__rw_ratio_40_60.rerate_8.00.resize_2.00-rw_ratio_40_60.rerate_8.00.resize_2.00__dev_0: depth=28 train=0.9860 val=0.8547 leaves=5730 (0.4s)
[DT] msr.write_p100.src1_0.3047__rw_ratio_40_60.rerate_8.00.resize_2.00-rw_ratio_40_60.rerate_8.00.resize_2.00__dev_1: depth= 7 train=0.8981 val=0.8988 leaves=86 (1.9s)
[DT] alibaba.offset_p100.alibaba_9086.3__rerate_0.50-rerate_4.00__dev_1: loaded 7760767 rows in 9.4s
[DT] alibaba.iops_p100.alibaba_9086.35__orig-rerate_4.00.resize_4.00__dev_0: depth= 7 train=0.8284 val=0.8279 leaves=113 (1.9s)
[DT] alibaba.offset_p100.alibaba_9086.3__rerate_0.50-rerate_2.00.resize_2.00__dev_0: depth= 8 train=0.8601 val=0.8594 leaves=195 (1.7s)
[DT] msr.overall_p100.src1_0.2108__orig-rw_ratio_40_60.rerate_8.00.resize_2.00__dev_1: depth= 6 train=0.8797 val=0.8796 leaves=55 (2.2s)
[DT] msr.write_p100.src1_0.3047__rw_ratio_40_60.rerate_8.00.resize_2.00-rw_ratio_40_60.rerate_8.00.resize_2.00__dev_0: depth=29 train=0.9875 val=0.8543 leaves=5881 (0.4s)
[DT] tencent.write_p100.2018-10-09-04.12__rerate_0.50-rerate_0.50__dev_0: depth= 9 train=0.8412 val=0.8406 leaves=257 (1.6s)
[DT] alibaba.iops_p100.alibaba_9086.35__orig-rerate_4.00.resize_4.00__dev_1: depth= 3 train=0.8306 val=0.8306 leaves=8 (3.2s)
[DT] msr.write_p100.src1_0.3047__rw_ratio_40_60.rerate_8.00.resize_2.00-rw_ratio_40_60.rerate_8.00.resize_2.00__dev_0: depth=30 train=0.9885 val=0.8534 leaves=6008 (0.4s)
[DT] msr.write_p100.src1_0.3047__rw_ratio_40_60.rerate_8.00.resize_2.00-rw_ratio_40_60.rerate_8.00.resize_2.00__dev_0: depth=31 train=0.9896 val=0.8523 leaves=6108 (0.4s)
[DT] msr.overall_p100.src1_0.2108__orig-rw_ratio_40_60.rerate_8.00.resize_2.00__dev_0: depth= 8 train=0.8175 val=0.8165 leaves=170 (2.0s)
[DT] msr.write_p100.src1_0.3047__rw_ratio_40_60.rerate_8.00.resize_2.00-rw_ratio_40_60.rerate_8.00.resize_2.00__dev_0: depth=32 train=0.9906 val=0.8527 leaves=6226 (0.4s)
[DT] alibaba.offset_p100.alibaba_9086.3__rerate_0.50-rerate_4.00__dev_0: depth= 9 train=0.8483 val=0.8469 leaves=316 (1.9s)
[DT] alibaba.offset_p100.alibaba_9086.3__rerate_0.50-rerate_2.00.resize_2.00__dev_1: depth= 2 train=0.8244 val=0.8240 leaves=4 (3.8s)
[DT] msr.write_p100.src1_0.3047__rw_ratio_40_60.rerate_8.00.resize_2.00-rw_ratio_40_60.rerate_8.00.resize_2.00__dev_0: depth=33 train=0.9915 val=0.8492 leaves=6354 (0.4s)
[DT] alibaba.offset_p100.alibaba_9086.3__rerate_0.50-rerate_2.00.resize_2.00__dev_0: depth= 9 train=0.8620 val=0.8605 leaves=312 (1.9s)
[DT] msr.write_p100.src1_0.3047__rw_ratio_40_60.rerate_8.00.resize_2.00-rw_ratio_40_60.rerate_8.00.resize_2.00__dev_1: depth= 8 train=0.9003 val=0.9003 leaves=155 (2.1s)
[DT] tencent.write_p100.2018-10-09-04.12__rerate_0.50-rerate_0.50__dev_0: depth=10 train=0.8430 val=0.8417 leaves=396 (1.8s)
[DT] alibaba.iops_p100.alibaba_9086.35__orig-rerate_4.00.resize_4.00__dev_0: depth= 8 train=0.8318 val=0.8312 leaves=192 (2.2s)
[DT] msr.write_p100.src1_0.3047__rw_ratio_40_60.rerate_8.00.resize_2.00-rw_ratio_40_60.rerate_8.00.resize_2.00__dev_0: depth=34 train=0.9924 val=0.8513 leaves=6452 (0.4s)
[DT] msr.overall_p100.src1_0.2108__orig-rw_ratio_40_60.rerate_8.00.resize_2.00__dev_1: depth= 7 train=0.8860 val=0.8854 leaves=101 (2.4s)
[DT] msr.write_p100.src1_0.3047__rw_ratio_40_60.rerate_8.00.resize_2.00-rw_ratio_40_60.rerate_8.00.resize_2.00__dev_0: depth=35 train=0.9933 val=0.8498 leaves=6546 (0.4s)
[DT] tencent.write_p100.2018-10-09-04.12__rerate_0.50-rerate_0.50__dev_1: depth= 3 train=0.8010 val=0.8009 leaves=8 (4.0s)
[DT] msr.write_p100.src1_0.3047__rw_ratio_40_60.rerate_8.00.resize_2.00-rw_ratio_40_60.rerate_8.00.resize_2.00__dev_0: depth=36 train=0.9940 val=0.8504 leaves=6640 (0.4s)
[DT] msr.overall_p100.src1_0.2108__orig-rw_ratio_40_60.rerate_8.00.resize_2.00__dev_0: depth= 9 train=0.8227 val=0.8212 leaves=287 (2.2s)
[DT] alibaba.offset_p100.alibaba_9086.3__rerate_0.50-rerate_4.00__dev_0: depth=10 train=0.8490 val=0.8468 leaves=484 (2.0s)
[DT] msr.write_p100.src1_0.3047__rw_ratio_40_60.rerate_8.00.resize_2.00-rw_ratio_40_60.rerate_8.00.resize_2.00__dev_0: depth=37 train=0.9948 val=0.8485 leaves=6762 (0.4s)
[DT] tencent.write_p100.2018-10-09-04.12__rerate_0.50-rerate_0.50__dev_0: depth=11 train=0.8440 val=0.8418 leaves=598 (1.9s)
[DT] alibaba.offset_p100.alibaba_9086.3__rerate_0.50-rerate_2.00.resize_2.00__dev_0: depth=10 train=0.8631 val=0.8607 leaves=484 (2.0s)
[DT] msr.write_p100.src1_0.3047__rw_ratio_40_60.rerate_8.00.resize_2.00-rw_ratio_40_60.rerate_8.00.resize_2.00__dev_0: depth=38 train=0.9955 val=0.8482 leaves=6833 (0.4s)
[DT] alibaba.iops_p100.alibaba_9086.35__orig-rerate_4.00.resize_4.00__dev_1: depth= 4 train=0.8634 val=0.8632 leaves=16 (3.9s)
[DT] msr.write_p100.src1_0.3047__rw_ratio_40_60.rerate_8.00.resize_2.00-rw_ratio_40_60.rerate_8.00.resize_2.00__dev_1: depth= 9 train=0.9017 val=0.9010 leaves=278 (2.3s)
[DT] msr.write_p100.src1_0.3047__rw_ratio_40_60.rerate_8.00.resize_2.00-rw_ratio_40_60.rerate_8.00.resize_2.00__dev_0: depth=39 train=0.9962 val=0.8483 leaves=6913 (0.4s)
[DT] alibaba.iops_p100.alibaba_9086.35__orig-rerate_4.00.resize_4.00__dev_0: depth= 9 train=0.8348 val=0.8336 leaves=311 (2.4s)
[DT] msr.write_p100.src1_0.3047__rw_ratio_40_60.rerate_8.00.resize_2.00-rw_ratio_40_60.rerate_8.00.resize_2.00__dev_0: depth=40 train=0.9965 val=0.8485 leaves=6974 (0.4s)
[DT] msr.write_p100.src1_0.3047__rw_ratio_40_60.rerate_8.00.resize_2.00-rw_ratio_40_60.rerate_8.00.resize_2.00__dev_0: done
[DT] alibaba.offset_p100.alibaba_9086.3__rerate_0.50-rerate_4.00__dev_1: depth= 1 train=0.7222 val=0.7228 leaves=2 (5.1s)
[DT] msr.overall_p100.src1_0.2108__orig-rw_ratio_40_60.rerate_8.00.resize_2.00__dev_1: depth= 8 train=0.8883 val=0.8872 leaves=175 (2.7s)
[DT] alibaba.offset_p100.alibaba_9086.3__rerate_0.50-rerate_4.00__dev_0: depth=11 train=0.8513 val=0.8479 leaves=716 (2.2s)
[DT] tencent.write_p100.2018-10-09-04.12__rerate_0.50-rerate_0.50__dev_0: depth=12 train=0.8479 val=0.8443 leaves=890 (1.9s)
[DT] msr.overall_p100.src1_0.2108__orig-rw_ratio_40_60.rerate_8.00.resize_2.00__dev_0: depth=10 train=0.8268 val=0.8242 leaves=470 (2.4s)
[DT] alibaba.offset_p100.alibaba_9086.3__rerate_0.50-rerate_2.00.resize_2.00__dev_0: depth=11 train=0.8642 val=0.8608 leaves=720 (2.2s)
[DT] msr.write_p100.src1_0.3047__rw_ratio_40_60.rerate_8.00.resize_2.00-rw_ratio_40_60.rerate_8.00.resize_2.00__dev_1: depth=10 train=0.9037 val=0.9020 leaves=476 (2.4s)
[DT] alibaba.offset_p100.alibaba_9086.3__rerate_0.50-rerate_2.00.resize_2.00__dev_1: depth= 3 train=0.8382 val=0.8376 leaves=8 (5.2s)
[DT] alibaba.iops_p100.alibaba_9086.35__orig-rerate_4.00.resize_4.00__dev_0: depth=10 train=0.8390 val=0.8370 leaves=480 (2.6s)
[DT] tencent.write_p100.2018-10-09-04.12__rerate_0.50-rerate_0.50__dev_1: depth= 4 train=0.8092 val=0.8090 leaves=16 (5.0s)
[DT] tencent.write_p100.2018-10-09-04.12__rerate_0.50-rerate_0.50__dev_0: depth=13 train=0.8500 val=0.8448 leaves=1276 (2.0s)
[DT] alibaba.offset_p100.alibaba_9086.3__rerate_0.50-rerate_4.00__dev_0: depth=12 train=0.8527 val=0.8481 leaves=1047 (2.3s)
[DT] msr.overall_p100.src1_0.2108__orig-rw_ratio_40_60.rerate_8.00.resize_2.00__dev_1: depth= 9 train=0.8900 val=0.8884 leaves=298 (2.8s)
[DT] msr.overall_p100.src1_0.2108__orig-rw_ratio_40_60.rerate_8.00.resize_2.00__dev_0: depth=11 train=0.8313 val=0.8277 leaves=743 (2.5s)
[DT] alibaba.offset_p100.alibaba_9086.3__rerate_0.50-rerate_2.00.resize_2.00__dev_0: depth=12 train=0.8665 val=0.8615 leaves=1037 (2.3s)
[DT] alibaba.iops_p100.alibaba_9086.35__orig-rerate_4.00.resize_4.00__dev_1: depth= 5 train=0.8714 val=0.8715 leaves=32 (4.7s)
[DT] msr.write_p100.src1_0.3047__rw_ratio_40_60.rerate_8.00.resize_2.00-rw_ratio_40_60.rerate_8.00.resize_2.00__dev_1: depth=11 train=0.9062 val=0.9027 leaves=803 (2.5s)
[DT] alibaba.iops_p100.alibaba_9086.35__orig-rerate_4.00.resize_4.00__dev_0: depth=11 train=0.8429 val=0.8402 leaves=709 (2.7s)
[DT] tencent.write_p100.2018-10-09-04.12__rerate_0.50-rerate_0.50__dev_0: depth=14 train=0.8530 val=0.8452 leaves=1762 (2.1s)
[DT] alibaba.offset_p100.alibaba_9086.3__rerate_0.50-rerate_4.00__dev_0: depth=13 train=0.8556 val=0.8490 leaves=1483 (2.4s)
[DT] alibaba.offset_p100.alibaba_9086.3__rerate_0.50-rerate_2.00.resize_2.00__dev_0: depth=13 train=0.8690 val=0.8627 leaves=1445 (2.4s)
[DT] msr.overall_p100.src1_0.2108__orig-rw_ratio_40_60.rerate_8.00.resize_2.00__dev_1: depth=10 train=0.8915 val=0.8894 leaves=493 (3.0s)
[DT] msr.overall_p100.src1_0.2108__orig-rw_ratio_40_60.rerate_8.00.resize_2.00__dev_0: depth=12 train=0.8355 val=0.8304 leaves=1145 (2.6s)
[DT] msr.write_p100.src1_0.3047__rw_ratio_40_60.rerate_8.00.resize_2.00-rw_ratio_40_60.rerate_8.00.resize_2.00__dev_1: depth=12 train=0.9087 val=0.9022 leaves=1290 (2.6s)
[DT] tencent.write_p100.2018-10-09-04.12__rerate_0.50-rerate_0.50__dev_0: depth=15 train=0.8552 val=0.8448 leaves=2346 (2.2s)
[DT] alibaba.offset_p100.alibaba_9086.3__rerate_0.50-rerate_4.00__dev_1: depth= 2 train=0.7937 val=0.7939 leaves=4 (7.5s)
[DT] alibaba.iops_p100.alibaba_9086.35__orig-rerate_4.00.resize_4.00__dev_0: depth=12 train=0.8458 val=0.8416 leaves=1030 (2.9s)
[DT] alibaba.offset_p100.alibaba_9086.3__rerate_0.50-rerate_4.00__dev_0: depth=14 train=0.8577 val=0.8492 leaves=1983 (2.5s)
[DT] alibaba.offset_p100.alibaba_9086.3__rerate_0.50-rerate_2.00.resize_2.00__dev_0: depth=14 train=0.8720 val=0.8636 leaves=1955 (2.5s)
[DT] alibaba.offset_p100.alibaba_9086.3__rerate_0.50-rerate_2.00.resize_2.00__dev_1: depth= 4 train=0.8517 val=0.8509 leaves=16 (6.7s)
[DT] msr.overall_p100.src1_0.2108__orig-rw_ratio_40_60.rerate_8.00.resize_2.00__dev_0: depth=13 train=0.8394 val=0.8322 leaves=1688 (2.8s)
[DT] tencent.write_p100.2018-10-09-04.12__rerate_0.50-rerate_0.50__dev_1: depth= 5 train=0.8431 val=0.8430 leaves=32 (6.0s)
[DT] msr.overall_p100.src1_0.2108__orig-rw_ratio_40_60.rerate_8.00.resize_2.00__dev_1: depth=11 train=0.8930 val=0.8897 leaves=794 (3.1s)
[DT] tencent.write_p100.2018-10-09-04.12__rerate_0.50-rerate_0.50__dev_0: depth=16 train=0.8581 val=0.8441 leaves=3056 (2.2s)
[DT] msr.write_p100.src1_0.3047__rw_ratio_40_60.rerate_8.00.resize_2.00-rw_ratio_40_60.rerate_8.00.resize_2.00__dev_1: depth=13 train=0.9118 val=0.9020 leaves=1958 (2.7s)
[DT] alibaba.iops_p100.alibaba_9086.35__orig-rerate_4.00.resize_4.00__dev_1: depth= 6 train=0.8834 val=0.8831 leaves=64 (5.5s)
[DT] alibaba.offset_p100.alibaba_9086.3__rerate_0.50-rerate_4.00__dev_0: depth=15 train=0.8604 val=0.8492 leaves=2607 (2.6s)
[DT] alibaba.iops_p100.alibaba_9086.35__orig-rerate_4.00.resize_4.00__dev_0: depth=13 train=0.8484 val=0.8427 leaves=1480 (3.1s)
[DT] alibaba.offset_p100.alibaba_9086.3__rerate_0.50-rerate_2.00.resize_2.00__dev_0: depth=15 train=0.8744 val=0.8634 leaves=2586 (2.6s)
[DT] tencent.write_p100.2018-10-09-04.12__rerate_0.50-rerate_0.50__dev_0: depth=17 train=0.8614 val=0.8436 leaves=3905 (2.3s)
[DT] msr.overall_p100.src1_0.2108__orig-rw_ratio_40_60.rerate_8.00.resize_2.00__dev_0: depth=14 train=0.8423 val=0.8320 leaves=2413 (2.9s)
[DT] msr.write_p100.src1_0.3047__rw_ratio_40_60.rerate_8.00.resize_2.00-rw_ratio_40_60.rerate_8.00.resize_2.00__dev_1: depth=14 train=0.9154 val=0.9010 leaves=2855 (2.7s)
[DT] msr.overall_p100.src1_0.2108__orig-rw_ratio_40_60.rerate_8.00.resize_2.00__dev_1: depth=12 train=0.8948 val=0.8898 leaves=1252 (3.3s)
[DT] alibaba.offset_p100.alibaba_9086.3__rerate_0.50-rerate_4.00__dev_0: depth=16 train=0.8631 val=0.8489 leaves=3317 (2.7s)
[DT] alibaba.offset_p100.alibaba_9086.3__rerate_0.50-rerate_2.00.resize_2.00__dev_0: depth=16 train=0.8770 val=0.8626 leaves=3346 (2.7s)
[DT] tencent.write_p100.2018-10-09-04.12__rerate_0.50-rerate_0.50__dev_0: depth=18 train=0.8650 val=0.8430 leaves=4864 (2.4s)
[DT] alibaba.iops_p100.alibaba_9086.35__orig-rerate_4.00.resize_4.00__dev_0: depth=14 train=0.8517 val=0.8437 leaves=2080 (3.2s)
[DT] msr.overall_p100.src1_0.2108__orig-rw_ratio_40_60.rerate_8.00.resize_2.00__dev_0: depth=15 train=0.8461 val=0.8320 leaves=3357 (3.1s)
[DT] msr.write_p100.src1_0.3047__rw_ratio_40_60.rerate_8.00.resize_2.00-rw_ratio_40_60.rerate_8.00.resize_2.00__dev_1: depth=15 train=0.9193 val=0.8997 leaves=4000 (2.8s)
[DT] alibaba.iops_p100.alibaba_9086.35__orig-rerate_4.00.resize_4.00__dev_1: depth= 7 train=0.8922 val=0.8915 leaves=128 (6.2s)
[DT] msr.overall_p100.src1_0.2108__orig-rw_ratio_40_60.rerate_8.00.resize_2.00__dev_1: depth=13 train=0.8970 val=0.8898 leaves=1930 (3.3s)
[DT] tencent.write_p100.2018-10-09-04.12__rerate_0.50-rerate_0.50__dev_1: depth= 6 train=0.8513 val=0.8510 leaves=63 (7.0s)
[DT] alibaba.offset_p100.alibaba_9086.3__rerate_0.50-rerate_4.00__dev_0: depth=17 train=0.8662 val=0.8488 leaves=4130 (2.7s)
[DT] alibaba.offset_p100.alibaba_9086.3__rerate_0.50-rerate_2.00.resize_2.00__dev_0: depth=17 train=0.8799 val=0.8622 leaves=4224 (2.8s)
[DT] tencent.write_p100.2018-10-09-04.12__rerate_0.50-rerate_0.50__dev_0: depth=19 train=0.8688 val=0.8416 leaves=5957 (2.4s)
[DT] alibaba.offset_p100.alibaba_9086.3__rerate_0.50-rerate_2.00.resize_2.00__dev_1: depth= 5 train=0.8767 val=0.8763 leaves=32 (8.1s)
[DT] alibaba.iops_p100.alibaba_9086.35__orig-rerate_4.00.resize_4.00__dev_0: depth=15 train=0.8545 val=0.8436 leaves=2868 (3.4s)
[DT] alibaba.offset_p100.alibaba_9086.3__rerate_0.50-rerate_4.00__dev_1: depth= 3 train=0.8250 val=0.8250 leaves=8 (10.2s)
[DT] msr.write_p100.src1_0.3047__rw_ratio_40_60.rerate_8.00.resize_2.00-rw_ratio_40_60.rerate_8.00.resize_2.00__dev_1: depth=16 train=0.9236 val=0.8988 leaves=5382 (2.9s)
[DT] msr.overall_p100.src1_0.2108__orig-rw_ratio_40_60.rerate_8.00.resize_2.00__dev_0: depth=16 train=0.8501 val=0.8303 leaves=4565 (3.2s)
[DT] alibaba.offset_p100.alibaba_9086.3__rerate_0.50-rerate_4.00__dev_0: depth=18 train=0.8690 val=0.8472 leaves=5067 (2.8s)
[DT] tencent.write_p100.2018-10-09-04.12__rerate_0.50-rerate_0.50__dev_0: depth=20 train=0.8732 val=0.8392 leaves=7190 (2.5s)
[DT] msr.overall_p100.src1_0.2108__orig-rw_ratio_40_60.rerate_8.00.resize_2.00__dev_1: depth=14 train=0.8993 val=0.8887 leaves=2862 (3.4s)
[DT] alibaba.offset_p100.alibaba_9086.3__rerate_0.50-rerate_2.00.resize_2.00__dev_0: depth=18 train=0.8827 val=0.8604 leaves=5209 (2.9s)
[DT] msr.write_p100.src1_0.3047__rw_ratio_40_60.rerate_8.00.resize_2.00-rw_ratio_40_60.rerate_8.00.resize_2.00__dev_1: depth=17 train=0.9280 val=0.8974 leaves=6954 (3.0s)
[DT] alibaba.iops_p100.alibaba_9086.35__orig-rerate_4.00.resize_4.00__dev_0: depth=16 train=0.8579 val=0.8429 leaves=3852 (3.5s)
[DT] msr.overall_p100.src1_0.2108__orig-rw_ratio_40_60.rerate_8.00.resize_2.00__dev_0: depth=17 train=0.8549 val=0.8286 leaves=6065 (3.3s)
[DT] tencent.write_p100.2018-10-09-04.12__rerate_0.50-rerate_0.50__dev_0: depth=21 train=0.8777 val=0.8375 leaves=8614 (2.5s)
[DT] alibaba.offset_p100.alibaba_9086.3__rerate_0.50-rerate_4.00__dev_0: depth=19 train=0.8719 val=0.8462 leaves=6122 (2.9s)
[DT] alibaba.offset_p100.alibaba_9086.3__rerate_0.50-rerate_2.00.resize_2.00__dev_0: depth=19 train=0.8857 val=0.8596 leaves=6265 (2.9s)
[DT] alibaba.iops_p100.alibaba_9086.35__orig-rerate_4.00.resize_4.00__dev_1: depth= 8 train=0.8968 val=0.8959 leaves=251 (6.9s)
[DT] msr.overall_p100.src1_0.2108__orig-rw_ratio_40_60.rerate_8.00.resize_2.00__dev_1: depth=15 train=0.9024 val=0.8878 leaves=4073 (3.5s)
[DT] tencent.write_p100.2018-10-09-04.12__rerate_0.50-rerate_0.50__dev_1: depth= 7 train=0.8562 val=0.8563 leaves=124 (7.8s)
[DT] msr.write_p100.src1_0.3047__rw_ratio_40_60.rerate_8.00.resize_2.00-rw_ratio_40_60.rerate_8.00.resize_2.00__dev_1: depth=18 train=0.9327 val=0.8959 leaves=8680 (3.1s)
[DT] tencent.write_p100.2018-10-09-04.12__rerate_0.50-rerate_0.50__dev_0: depth=22 train=0.8829 val=0.8346 leaves=10198 (2.5s)
[DT] alibaba.iops_p100.alibaba_9086.35__orig-rerate_4.00.resize_4.00__dev_0: depth=17 train=0.8615 val=0.8419 leaves=5041 (3.6s)
[DT] msr.overall_p100.src1_0.2108__orig-rw_ratio_40_60.rerate_8.00.resize_2.00__dev_0: depth=18 train=0.8599 val=0.8260 leaves=7830 (3.4s)
[DT] alibaba.offset_p100.alibaba_9086.3__rerate_0.50-rerate_4.00__dev_0: depth=20 train=0.8761 val=0.8448 leaves=7303 (3.0s)
[DT] alibaba.offset_p100.alibaba_9086.3__rerate_0.50-rerate_2.00.resize_2.00__dev_0: depth=20 train=0.8889 val=0.8572 leaves=7392 (3.0s)
[DT] alibaba.offset_p100.alibaba_9086.3__rerate_0.50-rerate_2.00.resize_2.00__dev_1: depth= 6 train=0.8890 val=0.8888 leaves=64 (9.3s)
[DT] msr.overall_p100.src1_0.2108__orig-rw_ratio_40_60.rerate_8.00.resize_2.00__dev_1: depth=16 train=0.9060 val=0.8865 leaves=5589 (3.6s)
[DT] tencent.write_p100.2018-10-09-04.12__rerate_0.50-rerate_0.50__dev_0: depth=23 train=0.8886 val=0.8322 leaves=12029 (2.5s)
[DT] msr.write_p100.src1_0.3047__rw_ratio_40_60.rerate_8.00.resize_2.00-rw_ratio_40_60.rerate_8.00.resize_2.00__dev_1: depth=19 train=0.9378 val=0.8939 leaves=10581 (3.1s)
[DT] alibaba.offset_p100.alibaba_9086.3__rerate_0.50-rerate_4.00__dev_0: depth=21 train=0.8796 val=0.8427 leaves=8576 (3.0s)
[DT] msr.overall_p100.src1_0.2108__orig-rw_ratio_40_60.rerate_8.00.resize_2.00__dev_0: depth=19 train=0.8655 val=0.8240 leaves=9823 (3.5s)
[DT] alibaba.iops_p100.alibaba_9086.35__orig-rerate_4.00.resize_4.00__dev_0: depth=18 train=0.8654 val=0.8398 leaves=6437 (3.7s)
[DT] alibaba.offset_p100.alibaba_9086.3__rerate_0.50-rerate_2.00.resize_2.00__dev_0: depth=21 train=0.8927 val=0.8557 leaves=8689 (3.0s)
[DT] tencent.write_p100.2018-10-09-04.12__rerate_0.50-rerate_0.50__dev_0: depth=24 train=0.8949 val=0.8294 leaves=14053 (2.6s)
[DT] alibaba.iops_p100.alibaba_9086.35__orig-rerate_4.00.resize_4.00__dev_1: depth= 9 train=0.9007 val=0.8995 leaves=481 (7.5s)
[DT] msr.overall_p100.src1_0.2108__orig-rw_ratio_40_60.rerate_8.00.resize_2.00__dev_1: depth=17 train=0.9098 val=0.8857 leaves=7418 (3.7s)
[DT] msr.write_p100.src1_0.3047__rw_ratio_40_60.rerate_8.00.resize_2.00-rw_ratio_40_60.rerate_8.00.resize_2.00__dev_1: depth=20 train=0.9424 val=0.8926 leaves=12520 (3.1s)
[DT] alibaba.offset_p100.alibaba_9086.3__rerate_0.50-rerate_4.00__dev_1: depth= 4 train=0.8398 val=0.8395 leaves=16 (12.8s)
[DT] alibaba.offset_p100.alibaba_9086.3__rerate_0.50-rerate_4.00__dev_0: depth=22 train=0.8836 val=0.8412 leaves=9996 (3.0s)
[DT] alibaba.offset_p100.alibaba_9086.3__rerate_0.50-rerate_2.00.resize_2.00__dev_0: depth=22 train=0.8967 val=0.8537 leaves=10117 (3.1s)
[DT] msr.overall_p100.src1_0.2108__orig-rw_ratio_40_60.rerate_8.00.resize_2.00__dev_0: depth=20 train=0.8717 val=0.8210 leaves=12087 (3.5s)
[DT] tencent.write_p100.2018-10-09-04.12__rerate_0.50-rerate_0.50__dev_0: depth=25 train=0.9016 val=0.8264 leaves=16338 (2.6s)
[DT] alibaba.iops_p100.alibaba_9086.35__orig-rerate_4.00.resize_4.00__dev_0: depth=19 train=0.8701 val=0.8382 leaves=8069 (3.8s)
[DT] tencent.write_p100.2018-10-09-04.12__rerate_0.50-rerate_0.50__dev_1: depth= 8 train=0.8669 val=0.8669 leaves=242 (8.6s)
[DT] msr.write_p100.src1_0.3047__rw_ratio_40_60.rerate_8.00.resize_2.00-rw_ratio_40_60.rerate_8.00.resize_2.00__dev_1: depth=21 train=0.9471 val=0.8907 leaves=14465 (3.3s)
[DT] alibaba.offset_p100.alibaba_9086.3__rerate_0.50-rerate_4.00__dev_0: depth=23 train=0.8882 val=0.8392 leaves=11579 (3.0s)
[DT] msr.overall_p100.src1_0.2108__orig-rw_ratio_40_60.rerate_8.00.resize_2.00__dev_1: depth=18 train=0.9141 val=0.8834 leaves=9471 (3.8s)
[DT] tencent.write_p100.2018-10-09-04.12__rerate_0.50-rerate_0.50__dev_0: depth=26 train=0.9087 val=0.8240 leaves=18723 (2.7s)
[DT] alibaba.offset_p100.alibaba_9086.3__rerate_0.50-rerate_2.00.resize_2.00__dev_0: depth=23 train=0.9012 val=0.8511 leaves=11706 (3.2s)
[DT] msr.overall_p100.src1_0.2108__orig-rw_ratio_40_60.rerate_8.00.resize_2.00__dev_0: depth=21 train=0.8784 val=0.8186 leaves=14608 (3.6s)
[DT] alibaba.iops_p100.alibaba_9086.35__orig-rerate_4.00.resize_4.00__dev_0: depth=20 train=0.8749 val=0.8359 leaves=9871 (3.9s)
[DT] alibaba.offset_p100.alibaba_9086.3__rerate_0.50-rerate_2.00.resize_2.00__dev_1: depth= 7 train=0.8929 val=0.8927 leaves=126 (10.6s)
[DT] msr.write_p100.src1_0.3047__rw_ratio_40_60.rerate_8.00.resize_2.00-rw_ratio_40_60.rerate_8.00.resize_2.00__dev_1: depth=22 train=0.9518 val=0.8891 leaves=16476 (3.3s)
[DT] alibaba.offset_p100.alibaba_9086.3__rerate_0.50-rerate_4.00__dev_0: depth=24 train=0.8932 val=0.8359 leaves=13386 (3.1s)
[DT] tencent.write_p100.2018-10-09-04.12__rerate_0.50-rerate_0.50__dev_0: depth=27 train=0.9159 val=0.8212 leaves=21294 (2.7s)
[DT] msr.overall_p100.src1_0.2108__orig-rw_ratio_40_60.rerate_8.00.resize_2.00__dev_1: depth=19 train=0.9189 val=0.8815 leaves=11756 (3.9s)
[DT] alibaba.offset_p100.alibaba_9086.3__rerate_0.50-rerate_2.00.resize_2.00__dev_0: depth=24 train=0.9063 val=0.8491 leaves=13543 (3.2s)
[DT] alibaba.iops_p100.alibaba_9086.35__orig-rerate_4.00.resize_4.00__dev_1: depth=10 train=0.9056 val=0.9036 leaves=887 (8.2s)
[DT] msr.overall_p100.src1_0.2108__orig-rw_ratio_40_60.rerate_8.00.resize_2.00__dev_0: depth=22 train=0.8855 val=0.8165 leaves=17380 (3.7s)
[DT] alibaba.iops_p100.alibaba_9086.35__orig-rerate_4.00.resize_4.00__dev_0: depth=21 train=0.8804 val=0.8345 leaves=11862 (3.8s)
[DT] tencent.write_p100.2018-10-09-04.12__rerate_0.50-rerate_0.50__dev_0: depth=28 train=0.9235 val=0.8188 leaves=23921 (2.7s)
[DT] alibaba.offset_p100.alibaba_9086.3__rerate_0.50-rerate_4.00__dev_0: depth=25 train=0.8989 val=0.8336 leaves=15401 (3.1s)
[DT] msr.write_p100.src1_0.3047__rw_ratio_40_60.rerate_8.00.resize_2.00-rw_ratio_40_60.rerate_8.00.resize_2.00__dev_1: depth=23 train=0.9564 val=0.8865 leaves=18487 (3.3s)
[DT] alibaba.offset_p100.alibaba_9086.3__rerate_0.50-rerate_2.00.resize_2.00__dev_0: depth=25 train=0.9123 val=0.8457 leaves=15640 (3.3s)
[DT] tencent.write_p100.2018-10-09-04.12__rerate_0.50-rerate_0.50__dev_1: depth= 9 train=0.8715 val=0.8712 leaves=466 (9.3s)
[DT] msr.overall_p100.src1_0.2108__orig-rw_ratio_40_60.rerate_8.00.resize_2.00__dev_1: depth=20 train=0.9236 val=0.8797 leaves=14208 (4.0s)
[DT] tencent.write_p100.2018-10-09-04.12__rerate_0.50-rerate_0.50__dev_0: depth=29 train=0.9312 val=0.8159 leaves=26633 (2.7s)
[DT] msr.overall_p100.src1_0.2108__orig-rw_ratio_40_60.rerate_8.00.resize_2.00__dev_0: depth=23 train=0.8930 val=0.8137 leaves=20279 (3.7s)
[DT] alibaba.offset_p100.alibaba_9086.3__rerate_0.50-rerate_4.00__dev_0: depth=26 train=0.9047 val=0.8311 leaves=17510 (3.1s)
[DT] msr.write_p100.src1_0.3047__rw_ratio_40_60.rerate_8.00.resize_2.00-rw_ratio_40_60.rerate_8.00.resize_2.00__dev_1: depth=24 train=0.9607 val=0.8848 leaves=20466 (3.4s)
[DT] alibaba.iops_p100.alibaba_9086.35__orig-rerate_4.00.resize_4.00__dev_0: depth=22 train=0.8862 val=0.8315 leaves=14061 (3.8s)
[DT] alibaba.offset_p100.alibaba_9086.3__rerate_0.50-rerate_2.00.resize_2.00__dev_0: depth=26 train=0.9180 val=0.8436 leaves=17943 (3.3s)
[DT] tencent.write_p100.2018-10-09-04.12__rerate_0.50-rerate_0.50__dev_0: depth=30 train=0.9385 val=0.8137 leaves=29443 (2.8s)
[DT] msr.overall_p100.src1_0.2108__orig-rw_ratio_40_60.rerate_8.00.resize_2.00__dev_1: depth=21 train=0.9286 val=0.8781 leaves=16765 (4.0s)
[DT] alibaba.offset_p100.alibaba_9086.3__rerate_0.50-rerate_4.00__dev_1: depth= 5 train=0.8590 val=0.8588 leaves=32 (15.5s)
[DT] alibaba.offset_p100.alibaba_9086.3__rerate_0.50-rerate_4.00__dev_0: depth=27 train=0.9110 val=0.8279 leaves=19764 (3.1s)
[DT] msr.overall_p100.src1_0.2108__orig-rw_ratio_40_60.rerate_8.00.resize_2.00__dev_0: depth=24 train=0.9005 val=0.8116 leaves=23387 (3.8s)
[DT] msr.write_p100.src1_0.3047__rw_ratio_40_60.rerate_8.00.resize_2.00-rw_ratio_40_60.rerate_8.00.resize_2.00__dev_1: depth=25 train=0.9648 val=0.8828 leaves=22433 (3.4s)
[DT] alibaba.iops_p100.alibaba_9086.35__orig-rerate_4.00.resize_4.00__dev_1: depth=11 train=0.9090 val=0.9057 leaves=1578 (8.8s)
[DT] alibaba.iops_p100.alibaba_9086.35__orig-rerate_4.00.resize_4.00__dev_0: depth=23 train=0.8927 val=0.8293 leaves=16484 (3.9s)
[DT] alibaba.offset_p100.alibaba_9086.3__rerate_0.50-rerate_2.00.resize_2.00__dev_0: depth=27 train=0.9241 val=0.8416 leaves=20426 (3.3s)
[DT] tencent.write_p100.2018-10-09-04.12__rerate_0.50-rerate_0.50__dev_0: depth=31 train=0.9458 val=0.8123 leaves=32115 (2.8s)
[DT] alibaba.offset_p100.alibaba_9086.3__rerate_0.50-rerate_2.00.resize_2.00__dev_1: depth= 8 train=0.8977 val=0.8973 leaves=243 (11.8s)
[DT] alibaba.offset_p100.alibaba_9086.3__rerate_0.50-rerate_4.00__dev_0: depth=28 train=0.9175 val=0.8250 leaves=22169 (3.2s)
[DT] msr.overall_p100.src1_0.2108__orig-rw_ratio_40_60.rerate_8.00.resize_2.00__dev_1: depth=22 train=0.9335 val=0.8759 leaves=19363 (4.1s)
[DT] msr.write_p100.src1_0.3047__rw_ratio_40_60.rerate_8.00.resize_2.00-rw_ratio_40_60.rerate_8.00.resize_2.00__dev_1: depth=26 train=0.9688 val=0.8810 leaves=24327 (3.4s)
[DT] msr.overall_p100.src1_0.2108__orig-rw_ratio_40_60.rerate_8.00.resize_2.00__dev_0: depth=25 train=0.9078 val=0.8093 leaves=26583 (3.9s)
[DT] tencent.write_p100.2018-10-09-04.12__rerate_0.50-rerate_0.50__dev_0: depth=32 train=0.9526 val=0.8102 leaves=34687 (2.8s)
[DT] alibaba.offset_p100.alibaba_9086.3__rerate_0.50-rerate_2.00.resize_2.00__dev_0: depth=28 train=0.9305 val=0.8377 leaves=23002 (3.4s)
[DT] alibaba.iops_p100.alibaba_9086.35__orig-rerate_4.00.resize_4.00__dev_0: depth=24 train=0.8993 val=0.8272 leaves=19128 (4.0s)
[DT] tencent.write_p100.2018-10-09-04.12__rerate_0.50-rerate_0.50__dev_1: depth=10 train=0.8761 val=0.8751 leaves=865 (10.1s)
[DT] alibaba.offset_p100.alibaba_9086.3__rerate_0.50-rerate_4.00__dev_0: depth=29 train=0.9244 val=0.8227 leaves=24765 (3.2s)
[DT] tencent.write_p100.2018-10-09-04.12__rerate_0.50-rerate_0.50__dev_0: depth=33 train=0.9589 val=0.8091 leaves=37140 (2.8s)
[DT] msr.write_p100.src1_0.3047__rw_ratio_40_60.rerate_8.00.resize_2.00-rw_ratio_40_60.rerate_8.00.resize_2.00__dev_1: depth=27 train=0.9725 val=0.8788 leaves=26131 (3.5s)
[DT] msr.overall_p100.src1_0.2108__orig-rw_ratio_40_60.rerate_8.00.resize_2.00__dev_1: depth=23 train=0.9385 val=0.8739 leaves=22039 (4.2s)
[DT] msr.overall_p100.src1_0.2108__orig-rw_ratio_40_60.rerate_8.00.resize_2.00__dev_0: depth=26 train=0.9152 val=0.8066 leaves=29934 (3.9s)
[DT] alibaba.offset_p100.alibaba_9086.3__rerate_0.50-rerate_2.00.resize_2.00__dev_0: depth=29 train=0.9371 val=0.8356 leaves=25715 (3.5s)
[DT] alibaba.iops_p100.alibaba_9086.35__orig-rerate_4.00.resize_4.00__dev_0: depth=25 train=0.9063 val=0.8243 leaves=21957 (4.1s)
[DT] alibaba.offset_p100.alibaba_9086.3__rerate_0.50-rerate_4.00__dev_0: depth=30 train=0.9313 val=0.8201 leaves=27388 (3.3s)
[DT] tencent.write_p100.2018-10-09-04.12__rerate_0.50-rerate_0.50__dev_0: depth=34 train=0.9645 val=0.8078 leaves=39480 (2.8s)
[DT] alibaba.iops_p100.alibaba_9086.35__orig-rerate_4.00.resize_4.00__dev_1: depth=12 train=0.9124 val=0.9069 leaves=2685 (9.5s)
[DT] msr.write_p100.src1_0.3047__rw_ratio_40_60.rerate_8.00.resize_2.00-rw_ratio_40_60.rerate_8.00.resize_2.00__dev_1: depth=28 train=0.9758 val=0.8775 leaves=27824 (3.6s)
[DT] alibaba.offset_p100.alibaba_9086.3__rerate_0.50-rerate_2.00.resize_2.00__dev_0: depth=30 train=0.9436 val=0.8328 leaves=28516 (3.4s)
[DT] msr.overall_p100.src1_0.2108__orig-rw_ratio_40_60.rerate_8.00.resize_2.00__dev_0: depth=27 train=0.9225 val=0.8041 leaves=33212 (3.9s)
[DT] msr.overall_p100.src1_0.2108__orig-rw_ratio_40_60.rerate_8.00.resize_2.00__dev_1: depth=24 train=0.9434 val=0.8718 leaves=24654 (4.3s)
[DT] alibaba.offset_p100.alibaba_9086.3__rerate_0.50-rerate_4.00__dev_0: depth=31 train=0.9383 val=0.8174 leaves=30071 (3.3s)
[DT] tencent.write_p100.2018-10-09-04.12__rerate_0.50-rerate_0.50__dev_0: depth=35 train=0.9694 val=0.8067 leaves=41560 (2.8s)
[DT] alibaba.iops_p100.alibaba_9086.35__orig-rerate_4.00.resize_4.00__dev_0: depth=26 train=0.9129 val=0.8220 leaves=24825 (4.1s)
[DT] msr.write_p100.src1_0.3047__rw_ratio_40_60.rerate_8.00.resize_2.00-rw_ratio_40_60.rerate_8.00.resize_2.00__dev_1: depth=29 train=0.9790 val=0.8761 leaves=29429 (3.5s)
[DT] alibaba.offset_p100.alibaba_9086.3__rerate_0.50-rerate_2.00.resize_2.00__dev_1: depth= 9 train=0.9016 val=0.9007 leaves=466 (12.9s)
[DT] alibaba.offset_p100.alibaba_9086.3__rerate_0.50-rerate_2.00.resize_2.00__dev_0: depth=31 train=0.9502 val=0.8304 leaves=31360 (3.5s)
[DT] tencent.write_p100.2018-10-09-04.12__rerate_0.50-rerate_0.50__dev_0: depth=36 train=0.9736 val=0.8068 leaves=43385 (2.8s)
[DT] msr.overall_p100.src1_0.2108__orig-rw_ratio_40_60.rerate_8.00.resize_2.00__dev_0: depth=28 train=0.9296 val=0.8021 leaves=36444 (4.0s)
[DT] alibaba.offset_p100.alibaba_9086.3__rerate_0.50-rerate_4.00__dev_0: depth=32 train=0.9452 val=0.8152 leaves=32749 (3.3s)
[DT] tencent.write_p100.2018-10-09-04.12__rerate_0.50-rerate_0.50__dev_1: depth=11 train=0.8788 val=0.8768 leaves=1545 (10.8s)
[DT] msr.overall_p100.src1_0.2108__orig-rw_ratio_40_60.rerate_8.00.resize_2.00__dev_1: depth=25 train=0.9483 val=0.8700 leaves=27343 (4.2s)
[DT] alibaba.iops_p100.alibaba_9086.35__orig-rerate_4.00.resize_4.00__dev_0: depth=27 train=0.9199 val=0.8182 leaves=27774 (4.2s)
[DT] alibaba.offset_p100.alibaba_9086.3__rerate_0.50-rerate_4.00__dev_1: depth= 6 train=0.8677 val=0.8675 leaves=64 (17.9s)
[DT] msr.write_p100.src1_0.3047__rw_ratio_40_60.rerate_8.00.resize_2.00-rw_ratio_40_60.rerate_8.00.resize_2.00__dev_1: depth=30 train=0.9816 val=0.8744 leaves=30793 (3.5s)
[DT] tencent.write_p100.2018-10-09-04.12__rerate_0.50-rerate_0.50__dev_0: depth=37 train=0.9774 val=0.8059 leaves=45086 (2.9s)
[DT] alibaba.offset_p100.alibaba_9086.3__rerate_0.50-rerate_2.00.resize_2.00__dev_0: depth=32 train=0.9563 val=0.8283 leaves=34154 (3.5s)
[DT] alibaba.offset_p100.alibaba_9086.3__rerate_0.50-rerate_4.00__dev_0: depth=33 train=0.9516 val=0.8133 leaves=35342 (3.3s)
[DT] msr.overall_p100.src1_0.2108__orig-rw_ratio_40_60.rerate_8.00.resize_2.00__dev_0: depth=29 train=0.9364 val=0.7997 leaves=39676 (4.1s)
[DT] alibaba.iops_p100.alibaba_9086.35__orig-rerate_4.00.resize_4.00__dev_1: depth=13 train=0.9157 val=0.9070 leaves=4342 (10.1s)
[DT] msr.overall_p100.src1_0.2108__orig-rw_ratio_40_60.rerate_8.00.resize_2.00__dev_1: depth=26 train=0.9528 val=0.8678 leaves=29885 (4.4s)
[DT] alibaba.iops_p100.alibaba_9086.35__orig-rerate_4.00.resize_4.00__dev_0: depth=28 train=0.9263 val=0.8167 leaves=30762 (4.2s)
[DT] msr.write_p100.src1_0.3047__rw_ratio_40_60.rerate_8.00.resize_2.00-rw_ratio_40_60.rerate_8.00.resize_2.00__dev_1: depth=31 train=0.9842 val=0.8735 leaves=32061 (3.6s)
[DT] tencent.write_p100.2018-10-09-04.12__rerate_0.50-rerate_0.50__dev_0: depth=38 train=0.9804 val=0.8048 leaves=46469 (2.9s)
[DT] alibaba.offset_p100.alibaba_9086.3__rerate_0.50-rerate_2.00.resize_2.00__dev_0: depth=33 train=0.9623 val=0.8264 leaves=36855 (3.5s)
[DT] alibaba.offset_p100.alibaba_9086.3__rerate_0.50-rerate_4.00__dev_0: depth=34 train=0.9576 val=0.8115 leaves=37877 (3.4s)
[DT] msr.overall_p100.src1_0.2108__orig-rw_ratio_40_60.rerate_8.00.resize_2.00__dev_0: depth=30 train=0.9427 val=0.7971 leaves=42819 (4.1s)
[DT] tencent.write_p100.2018-10-09-04.12__rerate_0.50-rerate_0.50__dev_0: depth=39 train=0.9830 val=0.8045 leaves=47799 (2.8s)
[DT] msr.overall_p100.src1_0.2108__orig-rw_ratio_40_60.rerate_8.00.resize_2.00__dev_1: depth=27 train=0.9574 val=0.8666 leaves=32431 (4.4s)
[DT] msr.write_p100.src1_0.3047__rw_ratio_40_60.rerate_8.00.resize_2.00-rw_ratio_40_60.rerate_8.00.resize_2.00__dev_1: depth=32 train=0.9862 val=0.8722 leaves=33149 (3.5s)
[DT] alibaba.iops_p100.alibaba_9086.35__orig-rerate_4.00.resize_4.00__dev_0: depth=29 train=0.9327 val=0.8145 leaves=33715 (4.2s)
[DT] alibaba.offset_p100.alibaba_9086.3__rerate_0.50-rerate_2.00.resize_2.00__dev_0: depth=34 train=0.9676 val=0.8245 leaves=39344 (3.5s)
[DT] alibaba.offset_p100.alibaba_9086.3__rerate_0.50-rerate_4.00__dev_0: depth=35 train=0.9633 val=0.8100 leaves=40286 (3.4s)
[DT] tencent.write_p100.2018-10-09-04.12__rerate_0.50-rerate_0.50__dev_0: depth=40 train=0.9851 val=0.8043 leaves=48757 (2.9s)
[DT] tencent.write_p100.2018-10-09-04.12__rerate_0.50-rerate_0.50__dev_0: done
[DT] tencent.write_p100.2018-10-09-04.12__rerate_0.50-rerate_0.50__dev_1: depth=12 train=0.8821 val=0.8784 leaves=2634 (11.4s)
[DT] msr.overall_p100.src1_0.2108__orig-rw_ratio_40_60.rerate_8.00.resize_2.00__dev_0: depth=31 train=0.9488 val=0.7949 leaves=45797 (4.1s)
[DT] msr.write_p100.src1_0.3047__rw_ratio_40_60.rerate_8.00.resize_2.00-rw_ratio_40_60.rerate_8.00.resize_2.00__dev_1: depth=33 train=0.9882 val=0.8708 leaves=34209 (3.6s)
[DT] alibaba.offset_p100.alibaba_9086.3__rerate_0.50-rerate_2.00.resize_2.00__dev_1: depth=10 train=0.9063 val=0.9051 leaves=876 (14.2s)
[DT] alibaba.offset_p100.alibaba_9086.3__rerate_0.50-rerate_2.00.resize_2.00__dev_0: depth=35 train=0.9725 val=0.8233 leaves=41764 (3.5s)
[DT] msr.overall_p100.src1_0.2108__orig-rw_ratio_40_60.rerate_8.00.resize_2.00__dev_1: depth=28 train=0.9616 val=0.8645 leaves=34771 (4.4s)
[DT] alibaba.offset_p100.alibaba_9086.3__rerate_0.50-rerate_4.00__dev_0: depth=36 train=0.9683 val=0.8086 leaves=42525 (3.4s)
[DT] alibaba.iops_p100.alibaba_9086.35__orig-rerate_4.00.resize_4.00__dev_0: depth=30 train=0.9387 val=0.8123 leaves=36551 (4.2s)
[DT] alibaba.iops_p100.alibaba_9086.35__orig-rerate_4.00.resize_4.00__dev_1: depth=14 train=0.9192 val=0.9064 leaves=6612 (10.5s)
[DT] msr.overall_p100.src1_0.2108__orig-rw_ratio_40_60.rerate_8.00.resize_2.00__dev_0: depth=32 train=0.9547 val=0.7935 leaves=48715 (4.2s)
[DT] msr.write_p100.src1_0.3047__rw_ratio_40_60.rerate_8.00.resize_2.00-rw_ratio_40_60.rerate_8.00.resize_2.00__dev_1: depth=34 train=0.9900 val=0.8702 leaves=35159 (3.7s)
[DT] alibaba.offset_p100.alibaba_9086.3__rerate_0.50-rerate_2.00.resize_2.00__dev_0: depth=36 train=0.9769 val=0.8216 leaves=43844 (3.4s)
[DT] alibaba.offset_p100.alibaba_9086.3__rerate_0.50-rerate_4.00__dev_0: depth=37 train=0.9730 val=0.8077 leaves=44685 (3.5s)
[DT] msr.overall_p100.src1_0.2108__orig-rw_ratio_40_60.rerate_8.00.resize_2.00__dev_1: depth=29 train=0.9656 val=0.8633 leaves=37053 (4.5s)
[DT] alibaba.iops_p100.alibaba_9086.35__orig-rerate_4.00.resize_4.00__dev_0: depth=31 train=0.9444 val=0.8101 leaves=39359 (4.1s)
[DT] msr.write_p100.src1_0.3047__rw_ratio_40_60.rerate_8.00.resize_2.00-rw_ratio_40_60.rerate_8.00.resize_2.00__dev_1: depth=35 train=0.9915 val=0.8699 leaves=35884 (3.6s)
[DT] alibaba.offset_p100.alibaba_9086.3__rerate_0.50-rerate_2.00.resize_2.00__dev_0: depth=37 train=0.9806 val=0.8208 leaves=45761 (3.4s)
[DT] msr.overall_p100.src1_0.2108__orig-rw_ratio_40_60.rerate_8.00.resize_2.00__dev_0: depth=33 train=0.9601 val=0.7923 leaves=51495 (4.1s)
[DT] alibaba.offset_p100.alibaba_9086.3__rerate_0.50-rerate_4.00__dev_0: depth=38 train=0.9770 val=0.8064 leaves=46599 (3.4s)
[DT] alibaba.offset_p100.alibaba_9086.3__rerate_0.50-rerate_4.00__dev_1: depth= 7 train=0.8722 val=0.8720 leaves=128 (20.1s)
[DT] alibaba.iops_p100.alibaba_9086.35__orig-rerate_4.00.resize_4.00__dev_0: depth=32 train=0.9499 val=0.8081 leaves=42078 (4.2s)
[DT] msr.overall_p100.src1_0.2108__orig-rw_ratio_40_60.rerate_8.00.resize_2.00__dev_1: depth=30 train=0.9692 val=0.8620 leaves=39156 (4.6s)
[DT] tencent.write_p100.2018-10-09-04.12__rerate_0.50-rerate_0.50__dev_1: depth=13 train=0.8854 val=0.8788 leaves=4339 (11.4s)
[DT] alibaba.offset_p100.alibaba_9086.3__rerate_0.50-rerate_2.00.resize_2.00__dev_0: depth=38 train=0.9839 val=0.8197 leaves=47371 (3.4s)
[DT] msr.write_p100.src1_0.3047__rw_ratio_40_60.rerate_8.00.resize_2.00-rw_ratio_40_60.rerate_8.00.resize_2.00__dev_1: depth=36 train=0.9929 val=0.8691 leaves=36608 (3.7s)
[DT] alibaba.offset_p100.alibaba_9086.3__rerate_0.50-rerate_4.00__dev_0: depth=39 train=0.9805 val=0.8062 leaves=48268 (3.5s)
[DT] msr.overall_p100.src1_0.2108__orig-rw_ratio_40_60.rerate_8.00.resize_2.00__dev_0: depth=34 train=0.9648 val=0.7904 leaves=54141 (4.2s)
[DT] alibaba.iops_p100.alibaba_9086.35__orig-rerate_4.00.resize_4.00__dev_1: depth=15 train=0.9232 val=0.9056 leaves=9579 (10.8s)
[DT] alibaba.iops_p100.alibaba_9086.35__orig-rerate_4.00.resize_4.00__dev_0: depth=33 train=0.9548 val=0.8064 leaves=44638 (4.2s)
[DT] alibaba.offset_p100.alibaba_9086.3__rerate_0.50-rerate_2.00.resize_2.00__dev_0: depth=39 train=0.9865 val=0.8192 leaves=48700 (3.4s)
[DT] msr.overall_p100.src1_0.2108__orig-rw_ratio_40_60.rerate_8.00.resize_2.00__dev_1: depth=31 train=0.9724 val=0.8609 leaves=41085 (4.6s)
[DT] msr.write_p100.src1_0.3047__rw_ratio_40_60.rerate_8.00.resize_2.00-rw_ratio_40_60.rerate_8.00.resize_2.00__dev_1: depth=37 train=0.9939 val=0.8688 leaves=37191 (3.6s)
[DT] alibaba.offset_p100.alibaba_9086.3__rerate_0.50-rerate_4.00__dev_0: depth=40 train=0.9836 val=0.8054 leaves=49784 (3.5s)
[DT] alibaba.offset_p100.alibaba_9086.3__rerate_0.50-rerate_4.00__dev_0: done
[DT] alibaba.offset_p100.alibaba_9086.3__rerate_0.50-rerate_2.00.resize_2.00__dev_1: depth=11 train=0.9097 val=0.9077 leaves=1592 (15.1s)
[DT] msr.overall_p100.src1_0.2108__orig-rw_ratio_40_60.rerate_8.00.resize_2.00__dev_0: depth=35 train=0.9690 val=0.7897 leaves=56457 (4.2s)
[DT] alibaba.offset_p100.alibaba_9086.3__rerate_0.50-rerate_2.00.resize_2.00__dev_0: depth=40 train=0.9885 val=0.8191 leaves=49924 (3.4s)
[DT] alibaba.offset_p100.alibaba_9086.3__rerate_0.50-rerate_2.00.resize_2.00__dev_0: done
[DT] alibaba.iops_p100.alibaba_9086.35__orig-rerate_4.00.resize_4.00__dev_0: depth=34 train=0.9594 val=0.8049 leaves=47186 (4.2s)
[DT] msr.write_p100.src1_0.3047__rw_ratio_40_60.rerate_8.00.resize_2.00-rw_ratio_40_60.rerate_8.00.resize_2.00__dev_1: depth=38 train=0.9949 val=0.8682 leaves=37616 (3.5s)
[DT] msr.overall_p100.src1_0.2108__orig-rw_ratio_40_60.rerate_8.00.resize_2.00__dev_1: depth=32 train=0.9755 val=0.8600 leaves=42952 (4.4s)
[DT] msr.overall_p100.src1_0.2108__orig-rw_ratio_40_60.rerate_8.00.resize_2.00__dev_0: depth=36 train=0.9727 val=0.7882 leaves=58653 (4.1s)
[DT] msr.write_p100.src1_0.3047__rw_ratio_40_60.rerate_8.00.resize_2.00-rw_ratio_40_60.rerate_8.00.resize_2.00__dev_1: depth=39 train=0.9957 val=0.8682 leaves=38012 (3.5s)
[DT] alibaba.iops_p100.alibaba_9086.35__orig-rerate_4.00.resize_4.00__dev_0: depth=35 train=0.9637 val=0.8035 leaves=49578 (4.0s)
[DT] tencent.write_p100.2018-10-09-04.12__rerate_0.50-rerate_0.50__dev_1: depth=14 train=0.8891 val=0.8786 leaves=6834 (11.8s)
[DT] msr.overall_p100.src1_0.2108__orig-rw_ratio_40_60.rerate_8.00.resize_2.00__dev_1: depth=33 train=0.9782 val=0.8591 leaves=44536 (4.4s)
[DT] alibaba.iops_p100.alibaba_9086.35__orig-rerate_4.00.resize_4.00__dev_1: depth=16 train=0.9279 val=0.9049 leaves=13142 (10.9s)
[DT] msr.overall_p100.src1_0.2108__orig-rw_ratio_40_60.rerate_8.00.resize_2.00__dev_0: depth=37 train=0.9761 val=0.7879 leaves=60795 (4.0s)
[DT] msr.write_p100.src1_0.3047__rw_ratio_40_60.rerate_8.00.resize_2.00-rw_ratio_40_60.rerate_8.00.resize_2.00__dev_1: depth=40 train=0.9963 val=0.8683 leaves=38346 (3.5s)
[DT] msr.write_p100.src1_0.3047__rw_ratio_40_60.rerate_8.00.resize_2.00-rw_ratio_40_60.rerate_8.00.resize_2.00__dev_1: done
[DT] alibaba.iops_p100.alibaba_9086.35__orig-rerate_4.00.resize_4.00__dev_0: depth=36 train=0.9675 val=0.8017 leaves=51707 (4.1s)
[DT] msr.overall_p100.src1_0.2108__orig-rw_ratio_40_60.rerate_8.00.resize_2.00__dev_1: depth=34 train=0.9805 val=0.8584 leaves=45997 (4.3s)
[DT] msr.overall_p100.src1_0.2108__orig-rw_ratio_40_60.rerate_8.00.resize_2.00__dev_0: depth=38 train=0.9792 val=0.7865 leaves=62633 (3.7s)
[DT] alibaba.offset_p100.alibaba_9086.3__rerate_0.50-rerate_2.00.resize_2.00__dev_1: depth=12 train=0.9126 val=0.9092 leaves=2804 (14.4s)
[DT] alibaba.iops_p100.alibaba_9086.35__orig-rerate_4.00.resize_4.00__dev_0: depth=37 train=0.9712 val=0.8008 leaves=53782 (4.1s)
[DT] alibaba.offset_p100.alibaba_9086.3__rerate_0.50-rerate_4.00__dev_1: depth= 8 train=0.8792 val=0.8789 leaves=251 (21.7s)
[DT] msr.overall_p100.src1_0.2108__orig-rw_ratio_40_60.rerate_8.00.resize_2.00__dev_0: depth=39 train=0.9816 val=0.7856 leaves=64242 (3.6s)
[DT] msr.overall_p100.src1_0.2108__orig-rw_ratio_40_60.rerate_8.00.resize_2.00__dev_1: depth=35 train=0.9828 val=0.8576 leaves=47449 (4.2s)
[DT] tencent.write_p100.2018-10-09-04.12__rerate_0.50-rerate_0.50__dev_1: depth=15 train=0.8933 val=0.8773 leaves=10397 (12.1s)
[DT] alibaba.iops_p100.alibaba_9086.35__orig-rerate_4.00.resize_4.00__dev_0: depth=38 train=0.9745 val=0.7998 leaves=55701 (4.1s)
[DT] alibaba.iops_p100.alibaba_9086.35__orig-rerate_4.00.resize_4.00__dev_1: depth=17 train=0.9326 val=0.9035 leaves=17246 (11.2s)
[DT] msr.overall_p100.src1_0.2108__orig-rw_ratio_40_60.rerate_8.00.resize_2.00__dev_0: depth=40 train=0.9837 val=0.7847 leaves=65633 (3.7s)
[DT] msr.overall_p100.src1_0.2108__orig-rw_ratio_40_60.rerate_8.00.resize_2.00__dev_0: done
[DT] msr.overall_p100.src1_0.2108__orig-rw_ratio_40_60.rerate_8.00.resize_2.00__dev_1: depth=36 train=0.9847 val=0.8567 leaves=48662 (4.2s)
[DT] alibaba.iops_p100.alibaba_9086.35__orig-rerate_4.00.resize_4.00__dev_0: depth=39 train=0.9774 val=0.7984 leaves=57554 (4.0s)
[DT] msr.overall_p100.src1_0.2108__orig-rw_ratio_40_60.rerate_8.00.resize_2.00__dev_1: depth=37 train=0.9865 val=0.8561 leaves=49812 (4.2s)
[DT] alibaba.iops_p100.alibaba_9086.35__orig-rerate_4.00.resize_4.00__dev_0: depth=40 train=0.9802 val=0.7972 leaves=59288 (3.9s)
[DT] alibaba.iops_p100.alibaba_9086.35__orig-rerate_4.00.resize_4.00__dev_0: done
[DT] msr.overall_p100.src1_0.2108__orig-rw_ratio_40_60.rerate_8.00.resize_2.00__dev_1: depth=38 train=0.9881 val=0.8556 leaves=50776 (4.3s)
[DT] alibaba.offset_p100.alibaba_9086.3__rerate_0.50-rerate_2.00.resize_2.00__dev_1: depth=13 train=0.9154 val=0.9099 leaves=4685 (14.9s)
[DT] alibaba.iops_p100.alibaba_9086.35__orig-rerate_4.00.resize_4.00__dev_1: depth=18 train=0.9376 val=0.9019 leaves=21863 (10.7s)
[DT] tencent.write_p100.2018-10-09-04.12__rerate_0.50-rerate_0.50__dev_1: depth=16 train=0.8983 val=0.8756 leaves=15255 (12.5s)
[DT] msr.overall_p100.src1_0.2108__orig-rw_ratio_40_60.rerate_8.00.resize_2.00__dev_1: depth=39 train=0.9894 val=0.8550 leaves=51568 (4.4s)
[DT] alibaba.offset_p100.alibaba_9086.3__rerate_0.50-rerate_4.00__dev_1: depth= 9 train=0.8838 val=0.8831 leaves=482 (22.0s)
[DT] msr.overall_p100.src1_0.2108__orig-rw_ratio_40_60.rerate_8.00.resize_2.00__dev_1: depth=40 train=0.9905 val=0.8547 leaves=52324 (4.0s)
[DT] msr.overall_p100.src1_0.2108__orig-rw_ratio_40_60.rerate_8.00.resize_2.00__dev_1: done
[DT] alibaba.iops_p100.alibaba_9086.35__orig-rerate_4.00.resize_4.00__dev_1: depth=19 train=0.9427 val=0.9000 leaves=26762 (11.0s)
[DT] tencent.write_p100.2018-10-09-04.12__rerate_0.50-rerate_0.50__dev_1: depth=17 train=0.9045 val=0.8729 leaves=21474 (12.8s)
[DT] alibaba.offset_p100.alibaba_9086.3__rerate_0.50-rerate_2.00.resize_2.00__dev_1: depth=14 train=0.9186 val=0.9102 leaves=7469 (14.9s)
[DT] alibaba.iops_p100.alibaba_9086.35__orig-rerate_4.00.resize_4.00__dev_1: depth=20 train=0.9478 val=0.8981 leaves=31959 (10.9s)
[DT] tencent.write_p100.2018-10-09-04.12__rerate_0.50-rerate_0.50__dev_1: depth=18 train=0.9115 val=0.8700 leaves=29054 (11.5s)
[DT] alibaba.offset_p100.alibaba_9086.3__rerate_0.50-rerate_2.00.resize_2.00__dev_1: depth=15 train=0.9220 val=0.9097 leaves=11271 (15.5s)
[DT] alibaba.offset_p100.alibaba_9086.3__rerate_0.50-rerate_4.00__dev_1: depth=10 train=0.8903 val=0.8895 leaves=899 (22.8s)
[DT] alibaba.iops_p100.alibaba_9086.35__orig-rerate_4.00.resize_4.00__dev_1: depth=21 train=0.9529 val=0.8962 leaves=37266 (11.2s)
[DT] tencent.write_p100.2018-10-09-04.12__rerate_0.50-rerate_0.50__dev_1: depth=19 train=0.9191 val=0.8672 leaves=37911 (11.8s)
[DT] alibaba.iops_p100.alibaba_9086.35__orig-rerate_4.00.resize_4.00__dev_1: depth=22 train=0.9581 val=0.8943 leaves=42845 (11.3s)
[DT] alibaba.offset_p100.alibaba_9086.3__rerate_0.50-rerate_2.00.resize_2.00__dev_1: depth=16 train=0.9256 val=0.9088 leaves=16147 (16.3s)
[DT] tencent.write_p100.2018-10-09-04.12__rerate_0.50-rerate_0.50__dev_1: depth=20 train=0.9273 val=0.8639 leaves=47735 (11.9s)
[DT] alibaba.offset_p100.alibaba_9086.3__rerate_0.50-rerate_4.00__dev_1: depth=11 train=0.8945 val=0.8931 leaves=1595 (24.2s)
[DT] alibaba.iops_p100.alibaba_9086.35__orig-rerate_4.00.resize_4.00__dev_1: depth=23 train=0.9629 val=0.8922 leaves=48303 (11.5s)
[DT] tencent.write_p100.2018-10-09-04.12__rerate_0.50-rerate_0.50__dev_1: depth=21 train=0.9357 val=0.8610 leaves=58108 (12.2s)
[DT] alibaba.offset_p100.alibaba_9086.3__rerate_0.50-rerate_2.00.resize_2.00__dev_1: depth=17 train=0.9299 val=0.9076 leaves=22118 (17.0s)
[DT] alibaba.iops_p100.alibaba_9086.35__orig-rerate_4.00.resize_4.00__dev_1: depth=24 train=0.9675 val=0.8903 leaves=53582 (11.5s)
[DT] tencent.write_p100.2018-10-09-04.12__rerate_0.50-rerate_0.50__dev_1: depth=22 train=0.9439 val=0.8581 leaves=68825 (12.4s)
[DT] alibaba.iops_p100.alibaba_9086.35__orig-rerate_4.00.resize_4.00__dev_1: depth=25 train=0.9718 val=0.8882 leaves=58584 (11.7s)
[DT] alibaba.offset_p100.alibaba_9086.3__rerate_0.50-rerate_4.00__dev_1: depth=12 train=0.8984 val=0.8966 leaves=2725 (25.8s)
[DT] alibaba.offset_p100.alibaba_9086.3__rerate_0.50-rerate_2.00.resize_2.00__dev_1: depth=18 train=0.9343 val=0.9058 leaves=29017 (17.3s)
[DT] tencent.write_p100.2018-10-09-04.12__rerate_0.50-rerate_0.50__dev_1: depth=23 train=0.9517 val=0.8554 leaves=79386 (12.7s)
[DT] alibaba.iops_p100.alibaba_9086.35__orig-rerate_4.00.resize_4.00__dev_1: depth=26 train=0.9756 val=0.8864 leaves=63253 (11.9s)
[DT] alibaba.offset_p100.alibaba_9086.3__rerate_0.50-rerate_2.00.resize_2.00__dev_1: depth=19 train=0.9390 val=0.9042 leaves=36640 (18.0s)
[DT] tencent.write_p100.2018-10-09-04.12__rerate_0.50-rerate_0.50__dev_1: depth=24 train=0.9592 val=0.8531 leaves=89395 (12.7s)
[DT] alibaba.iops_p100.alibaba_9086.35__orig-rerate_4.00.resize_4.00__dev_1: depth=27 train=0.9791 val=0.8850 leaves=67535 (11.9s)
[DT] alibaba.offset_p100.alibaba_9086.3__rerate_0.50-rerate_4.00__dev_1: depth=13 train=0.9010 val=0.8980 leaves=4478 (27.3s)
[DT] tencent.write_p100.2018-10-09-04.12__rerate_0.50-rerate_0.50__dev_1: depth=25 train=0.9659 val=0.8510 leaves=98676 (12.8s)
[DT] alibaba.iops_p100.alibaba_9086.35__orig-rerate_4.00.resize_4.00__dev_1: depth=28 train=0.9821 val=0.8834 leaves=71476 (11.9s)
[DT] alibaba.offset_p100.alibaba_9086.3__rerate_0.50-rerate_2.00.resize_2.00__dev_1: depth=20 train=0.9439 val=0.9022 leaves=44989 (18.6s)
[DT] tencent.write_p100.2018-10-09-04.12__rerate_0.50-rerate_0.50__dev_1: depth=26 train=0.9719 val=0.8491 leaves=107039 (13.0s)
[DT] alibaba.iops_p100.alibaba_9086.35__orig-rerate_4.00.resize_4.00__dev_1: depth=29 train=0.9849 val=0.8820 leaves=74967 (11.9s)
[DT] alibaba.offset_p100.alibaba_9086.3__rerate_0.50-rerate_2.00.resize_2.00__dev_1: depth=21 train=0.9487 val=0.9004 leaves=53677 (19.1s)
[DT] alibaba.offset_p100.alibaba_9086.3__rerate_0.50-rerate_4.00__dev_1: depth=14 train=0.9033 val=0.8988 leaves=7129 (28.7s)
[DT] tencent.write_p100.2018-10-09-04.12__rerate_0.50-rerate_0.50__dev_1: depth=27 train=0.9770 val=0.8474 leaves=114381 (12.9s)
[DT] alibaba.iops_p100.alibaba_9086.35__orig-rerate_4.00.resize_4.00__dev_1: depth=30 train=0.9874 val=0.8809 leaves=78116 (12.0s)
[DT] tencent.write_p100.2018-10-09-04.12__rerate_0.50-rerate_0.50__dev_1: depth=28 train=0.9814 val=0.8463 leaves=120760 (13.0s)
[DT] alibaba.iops_p100.alibaba_9086.35__orig-rerate_4.00.resize_4.00__dev_1: depth=31 train=0.9895 val=0.8797 leaves=80847 (12.1s)
[DT] alibaba.offset_p100.alibaba_9086.3__rerate_0.50-rerate_2.00.resize_2.00__dev_1: depth=22 train=0.9535 val=0.8984 leaves=62687 (19.5s)
[DT] alibaba.iops_p100.alibaba_9086.35__orig-rerate_4.00.resize_4.00__dev_1: depth=32 train=0.9913 val=0.8786 leaves=83262 (12.0s)
[DT] tencent.write_p100.2018-10-09-04.12__rerate_0.50-rerate_0.50__dev_1: depth=29 train=0.9852 val=0.8451 leaves=126371 (13.2s)
[DT] alibaba.offset_p100.alibaba_9086.3__rerate_0.50-rerate_4.00__dev_1: depth=15 train=0.9058 val=0.8991 leaves=11000 (30.2s)
[DT] alibaba.offset_p100.alibaba_9086.3__rerate_0.50-rerate_2.00.resize_2.00__dev_1: depth=23 train=0.9583 val=0.8962 leaves=71822 (20.0s)
[DT] alibaba.iops_p100.alibaba_9086.35__orig-rerate_4.00.resize_4.00__dev_1: depth=33 train=0.9929 val=0.8779 leaves=85285 (12.3s)
[DT] tencent.write_p100.2018-10-09-04.12__rerate_0.50-rerate_0.50__dev_1: depth=30 train=0.9883 val=0.8443 leaves=130920 (13.0s)
[DT] alibaba.iops_p100.alibaba_9086.35__orig-rerate_4.00.resize_4.00__dev_1: depth=34 train=0.9942 val=0.8773 leaves=87066 (12.1s)
[DT] tencent.write_p100.2018-10-09-04.12__rerate_0.50-rerate_0.50__dev_1: depth=31 train=0.9907 val=0.8437 leaves=134609 (13.1s)
[DT] alibaba.offset_p100.alibaba_9086.3__rerate_0.50-rerate_2.00.resize_2.00__dev_1: depth=24 train=0.9630 val=0.8942 leaves=80869 (20.3s)
[DT] alibaba.offset_p100.alibaba_9086.3__rerate_0.50-rerate_4.00__dev_1: depth=16 train=0.9086 val=0.8991 leaves=16394 (31.6s)
[DT] alibaba.iops_p100.alibaba_9086.35__orig-rerate_4.00.resize_4.00__dev_1: depth=35 train=0.9953 val=0.8766 leaves=88428 (12.1s)
[DT] tencent.write_p100.2018-10-09-04.12__rerate_0.50-rerate_0.50__dev_1: depth=32 train=0.9927 val=0.8433 leaves=137473 (13.2s)
[DT] alibaba.iops_p100.alibaba_9086.35__orig-rerate_4.00.resize_4.00__dev_1: depth=36 train=0.9961 val=0.8766 leaves=89629 (12.2s)
[DT] tencent.write_p100.2018-10-09-04.12__rerate_0.50-rerate_0.50__dev_1: depth=33 train=0.9943 val=0.8427 leaves=140160 (13.1s)
[DT] alibaba.offset_p100.alibaba_9086.3__rerate_0.50-rerate_2.00.resize_2.00__dev_1: depth=25 train=0.9674 val=0.8922 leaves=89611 (20.5s)
[DT] alibaba.iops_p100.alibaba_9086.35__orig-rerate_4.00.resize_4.00__dev_1: depth=37 train=0.9968 val=0.8761 leaves=90459 (12.2s)
[DT] tencent.write_p100.2018-10-09-04.12__rerate_0.50-rerate_0.50__dev_1: depth=34 train=0.9956 val=0.8425 leaves=142202 (13.2s)
[DT] alibaba.offset_p100.alibaba_9086.3__rerate_0.50-rerate_4.00__dev_1: depth=17 train=0.9116 val=0.8984 leaves=23596 (33.3s)
[DT] alibaba.iops_p100.alibaba_9086.35__orig-rerate_4.00.resize_4.00__dev_1: depth=38 train=0.9974 val=0.8759 leaves=91296 (12.3s)
[DT] alibaba.offset_p100.alibaba_9086.3__rerate_0.50-rerate_2.00.resize_2.00__dev_1: depth=26 train=0.9716 val=0.8903 leaves=98085 (20.7s)
[DT] tencent.write_p100.2018-10-09-04.12__rerate_0.50-rerate_0.50__dev_1: depth=35 train=0.9965 val=0.8422 leaves=143833 (13.3s)
[DT] alibaba.iops_p100.alibaba_9086.35__orig-rerate_4.00.resize_4.00__dev_1: depth=39 train=0.9978 val=0.8756 leaves=91922 (12.2s)
[DT] tencent.write_p100.2018-10-09-04.12__rerate_0.50-rerate_0.50__dev_1: depth=36 train=0.9973 val=0.8425 leaves=145058 (13.0s)
[DT] alibaba.offset_p100.alibaba_9086.3__rerate_0.50-rerate_2.00.resize_2.00__dev_1: depth=27 train=0.9753 val=0.8884 leaves=105963 (21.0s)
[DT] alibaba.iops_p100.alibaba_9086.35__orig-rerate_4.00.resize_4.00__dev_1: depth=40 train=0.9982 val=0.8753 leaves=92424 (12.2s)
[DT] alibaba.iops_p100.alibaba_9086.35__orig-rerate_4.00.resize_4.00__dev_1: done
[DT] alibaba.offset_p100.alibaba_9086.3__rerate_0.50-rerate_4.00__dev_1: depth=18 train=0.9149 val=0.8974 leaves=32843 (34.3s)
[DT] tencent.write_p100.2018-10-09-04.12__rerate_0.50-rerate_0.50__dev_1: depth=37 train=0.9979 val=0.8419 leaves=146048 (13.2s)
[DT] alibaba.offset_p100.alibaba_9086.3__rerate_0.50-rerate_2.00.resize_2.00__dev_1: depth=28 train=0.9788 val=0.8868 leaves=113322 (21.1s)
[DT] tencent.write_p100.2018-10-09-04.12__rerate_0.50-rerate_0.50__dev_1: depth=38 train=0.9984 val=0.8421 leaves=146826 (13.1s)
[DT] tencent.write_p100.2018-10-09-04.12__rerate_0.50-rerate_0.50__dev_1: depth=39 train=0.9988 val=0.8418 leaves=147596 (13.2s)
[DT] alibaba.offset_p100.alibaba_9086.3__rerate_0.50-rerate_4.00__dev_1: depth=19 train=0.9188 val=0.8959 leaves=44145 (34.3s)
[DT] alibaba.offset_p100.alibaba_9086.3__rerate_0.50-rerate_2.00.resize_2.00__dev_1: depth=29 train=0.9819 val=0.8852 leaves=119914 (21.3s)
[DT] tencent.write_p100.2018-10-09-04.12__rerate_0.50-rerate_0.50__dev_1: depth=40 train=0.9990 val=0.8418 leaves=147949 (13.2s)
[DT] tencent.write_p100.2018-10-09-04.12__rerate_0.50-rerate_0.50__dev_1: done
[DT] alibaba.offset_p100.alibaba_9086.3__rerate_0.50-rerate_2.00.resize_2.00__dev_1: depth=30 train=0.9847 val=0.8837 leaves=125818 (20.8s)
[DT] alibaba.offset_p100.alibaba_9086.3__rerate_0.50-rerate_4.00__dev_1: depth=20 train=0.9230 val=0.8943 leaves=57464 (35.3s)
[DT] alibaba.offset_p100.alibaba_9086.3__rerate_0.50-rerate_2.00.resize_2.00__dev_1: depth=31 train=0.9872 val=0.8827 leaves=131192 (20.4s)
[DT] alibaba.offset_p100.alibaba_9086.3__rerate_0.50-rerate_2.00.resize_2.00__dev_1: depth=32 train=0.9894 val=0.8815 leaves=135878 (20.5s)
[DT] alibaba.offset_p100.alibaba_9086.3__rerate_0.50-rerate_4.00__dev_1: depth=21 train=0.9277 val=0.8923 leaves=72654 (36.2s)
[DT] alibaba.offset_p100.alibaba_9086.3__rerate_0.50-rerate_2.00.resize_2.00__dev_1: depth=33 train=0.9911 val=0.8806 leaves=139784 (20.7s)
[DT] alibaba.offset_p100.alibaba_9086.3__rerate_0.50-rerate_2.00.resize_2.00__dev_1: depth=34 train=0.9926 val=0.8800 leaves=143122 (20.6s)
[DT] alibaba.offset_p100.alibaba_9086.3__rerate_0.50-rerate_4.00__dev_1: depth=22 train=0.9325 val=0.8901 leaves=89387 (37.0s)
[DT] alibaba.offset_p100.alibaba_9086.3__rerate_0.50-rerate_2.00.resize_2.00__dev_1: depth=35 train=0.9939 val=0.8794 leaves=146050 (20.6s)
[DT] alibaba.offset_p100.alibaba_9086.3__rerate_0.50-rerate_2.00.resize_2.00__dev_1: depth=36 train=0.9950 val=0.8788 leaves=148467 (20.6s)
[DT] alibaba.offset_p100.alibaba_9086.3__rerate_0.50-rerate_4.00__dev_1: depth=23 train=0.9375 val=0.8879 leaves=107257 (37.8s)
[DT] alibaba.offset_p100.alibaba_9086.3__rerate_0.50-rerate_2.00.resize_2.00__dev_1: depth=37 train=0.9958 val=0.8784 leaves=150519 (20.7s)
[DT] alibaba.offset_p100.alibaba_9086.3__rerate_0.50-rerate_4.00__dev_1: depth=24 train=0.9426 val=0.8857 leaves=126005 (38.6s)
[DT] alibaba.offset_p100.alibaba_9086.3__rerate_0.50-rerate_2.00.resize_2.00__dev_1: depth=38 train=0.9966 val=0.8782 leaves=152321 (20.7s)
[DT] alibaba.offset_p100.alibaba_9086.3__rerate_0.50-rerate_2.00.resize_2.00__dev_1: depth=39 train=0.9972 val=0.8778 leaves=153751 (20.7s)
[DT] alibaba.offset_p100.alibaba_9086.3__rerate_0.50-rerate_4.00__dev_1: depth=25 train=0.9477 val=0.8834 leaves=145308 (39.2s)
[DT] alibaba.offset_p100.alibaba_9086.3__rerate_0.50-rerate_2.00.resize_2.00__dev_1: depth=40 train=0.9978 val=0.8777 leaves=154990 (20.7s)
[DT] alibaba.offset_p100.alibaba_9086.3__rerate_0.50-rerate_2.00.resize_2.00__dev_1: done
[DT] alibaba.offset_p100.alibaba_9086.3__rerate_0.50-rerate_4.00__dev_1: depth=26 train=0.9527 val=0.8809 leaves=164759 (39.8s)
[DT] alibaba.offset_p100.alibaba_9086.3__rerate_0.50-rerate_4.00__dev_1: depth=27 train=0.9576 val=0.8784 leaves=183957 (40.2s)
[DT] alibaba.offset_p100.alibaba_9086.3__rerate_0.50-rerate_4.00__dev_1: depth=28 train=0.9623 val=0.8762 leaves=202884 (40.7s)
[DT] alibaba.offset_p100.alibaba_9086.3__rerate_0.50-rerate_4.00__dev_1: depth=29 train=0.9668 val=0.8738 leaves=220930 (41.0s)
[DT] alibaba.offset_p100.alibaba_9086.3__rerate_0.50-rerate_4.00__dev_1: depth=30 train=0.9709 val=0.8721 leaves=238281 (41.5s)
[DT] alibaba.offset_p100.alibaba_9086.3__rerate_0.50-rerate_4.00__dev_1: depth=31 train=0.9746 val=0.8698 leaves=254413 (41.7s)
[DT] alibaba.offset_p100.alibaba_9086.3__rerate_0.50-rerate_4.00__dev_1: depth=32 train=0.9781 val=0.8680 leaves=269725 (41.9s)
[DT] alibaba.offset_p100.alibaba_9086.3__rerate_0.50-rerate_4.00__dev_1: depth=33 train=0.9813 val=0.8664 leaves=283754 (42.2s)
[DT] alibaba.offset_p100.alibaba_9086.3__rerate_0.50-rerate_4.00__dev_1: depth=34 train=0.9841 val=0.8647 leaves=296371 (42.3s)
[DT] alibaba.offset_p100.alibaba_9086.3__rerate_0.50-rerate_4.00__dev_1: depth=35 train=0.9866 val=0.8636 leaves=307840 (42.5s)
[DT] alibaba.offset_p100.alibaba_9086.3__rerate_0.50-rerate_4.00__dev_1: depth=36 train=0.9887 val=0.8625 leaves=317911 (42.7s)
[DT] alibaba.offset_p100.alibaba_9086.3__rerate_0.50-rerate_4.00__dev_1: depth=37 train=0.9906 val=0.8615 leaves=327025 (42.7s)
[DT] alibaba.offset_p100.alibaba_9086.3__rerate_0.50-rerate_4.00__dev_1: depth=38 train=0.9923 val=0.8608 leaves=334981 (42.7s)
[DT] alibaba.offset_p100.alibaba_9086.3__rerate_0.50-rerate_4.00__dev_1: depth=39 train=0.9937 val=0.8600 leaves=342093 (43.0s)
[DT] alibaba.offset_p100.alibaba_9086.3__rerate_0.50-rerate_4.00__dev_1: depth=40 train=0.9948 val=0.8591 leaves=348200 (43.2s)
[DT] alibaba.offset_p100.alibaba_9086.3__rerate_0.50-rerate_4.00__dev_1: done
                                                                                                         dataset smallest_depth_val_ge_95  smallest_depth_train_ge_95  flashnet_val_accuracy  smallest_depth_val_ge_flashnet  best_val_accuracy  best_val_depth  train_accuracy_at_max_depth  val_accuracy_at_max_depth fully_grown_depth
                                          alibaba.iops_p100.alibaba_9086.35__orig-rerate_4.00.resize_4.00__dev_0              not reached                          33                 0.8261                               6           0.843657              14                     0.980222                   0.797154       not reached
                                          alibaba.iops_p100.alibaba_9086.35__orig-rerate_4.00.resize_4.00__dev_1              not reached                          21                 0.8935                               8           0.906975              13                     0.998184                   0.875297       not reached
                                  alibaba.offset_p100.alibaba_9086.3__rerate_0.50-rerate_2.00.resize_2.00__dev_0              not reached                          31                 0.8474                               4           0.863550              14                     0.988541                   0.819116       not reached
                                  alibaba.offset_p100.alibaba_9086.3__rerate_0.50-rerate_2.00.resize_2.00__dev_1              not reached                          22                 0.8984                               9           0.910181              14                     0.997777                   0.877700       not reached
                                              alibaba.offset_p100.alibaba_9086.3__rerate_0.50-rerate_4.00__dev_0              not reached                          33                 0.8369                               6           0.849242              14                     0.983576                   0.805390       not reached
                                              alibaba.offset_p100.alibaba_9086.3__rerate_0.50-rerate_4.00__dev_1              not reached                          26                 0.8933                              12           0.899100              15                     0.994845                   0.859060       not reached
                                msr.overall_p100.src1_0.2108__orig-rw_ratio_40_60.rerate_8.00.resize_2.00__dev_0              not reached                          32                 0.8105                               7           0.832249              13                     0.983713                   0.784659       not reached
                                msr.overall_p100.src1_0.2108__orig-rw_ratio_40_60.rerate_8.00.resize_2.00__dev_1              not reached                          26                 0.8827                               7           0.889767              13                     0.990450                   0.854688       not reached
msr.write_p100.src1_0.3047__rw_ratio_40_60.rerate_8.00.resize_2.00-rw_ratio_40_60.rerate_8.00.resize_2.00__dev_0              not reached                          18                 0.8547                               4           0.882935              11                     0.996521                   0.848471       not reached
msr.write_p100.src1_0.3047__rw_ratio_40_60.rerate_8.00.resize_2.00-rw_ratio_40_60.rerate_8.00.resize_2.00__dev_1              not reached                          22                 0.8901                               6           0.902667              11                     0.996309                   0.868338       not reached
                                             tencent.write_p100.2018-10-09-04.12__rerate_0.50-rerate_0.50__dev_0              not reached                          32                 0.8262                               5           0.845175              14                     0.985084                   0.804264       not reached
                                             tencent.write_p100.2018-10-09-04.12__rerate_0.50-rerate_0.50__dev_1              not reached                          23                 0.8694                               9           0.878835              13                     0.998975                   0.841817       not reached
[DT] Figures written under /mnt/heimdall-exp/Heimdall/integration/client-level/experiment/decision_boundary_complexity/smallest_p95_dt/results
